******************************************************************************
                  TI ARM Linker PC v18.12.3                    
******************************************************************************
>> Linked Mon Oct 28 17:29:29 2019

OUTPUT FILE NAME:   <empty_CC3220S_LAUNCHXL_tirtos_ccs.out>
ENTRY POINT SYMBOL: "_c_int00"  address: 2000ab11


MEMORY CONFIGURATION

         name            origin    length      used     unused   attr    fill
----------------------  --------  ---------  --------  --------  ----  --------
  SRAM0                 20000000   00004000  0000070c  000038f4  RW X
  SRAM                  20004000   0003c000  000124a6  00029b5a  RW X


SEGMENT ALLOCATION MAP

run origin  load origin   length   init length attrs members
----------  ----------- ---------- ----------- ----- -------
20003c00    20003c00    00000400   00000000    rw-
  20003c00    20003c00    00000400   00000000    rw- .stack
20004000    20004000    00010688   00008682    r-x
  20004000    20004000    0000003c   0000003c    r-- .resetVecs
  20004040    20004040    00008642   00008642    r-x .text
  2000c688    2000c688    00008000   00000000    r-- .priheap
20014688    20014688    00001305   00000000    rw-
  20014688    20014688    00000a06   00000000    rw- .bss
  20015090    20015090    000008fd   00000000    rw- .data
20015990    20015990    00000b28   00000b28    r--
  20015990    20015990    00000865   00000865    r-- .const
  200161f8    200161f8    000002c0   000002c0    r-- .cinit


SECTION ALLOCATION MAP

 output                                  attributes/
section   page    origin      length       input sections
--------  ----  ----------  ----------   ----------------
.vecs      0    20000000    0000030c     NOLOAD SECTION
                  20000000    0000030c     release_pem4.oem4 (.vecs)

.stack     0    20003c00    00000400     UNINITIALIZED
                  20003c00    00000400     --HOLE--

.text      0    20004040    00008642     
                  20004040    00000a4e     rtsv7M4_T_le_eabi.lib : _printfi.c.obj (.text:__TI_printfi)
                  20004a8e    00000002     ti_drivers_config.obj (.text:Board_initHook)
                  20004a90    0000042c     driverlib.a : prcm.obj (.text:PRCMCC3200MCUInit)
                  20004ebc    00000280     drivers_cc32xx.aem4 : UARTCC32XX.oem4 (.text:UARTCC32XX_open)
                  2000513c    00000268     rtsv7M4_T_le_eabi.lib : _printfi.c.obj (.text:_pconv_a)
                  200053a4    000001f4     drivers_cc32xx.aem4 : I2CCC32XX.oem4 (.text:I2CCC32XX_hwiFxn)
                  20005598    000001d4                         : GPIOCC32XX.oem4 (.text:GPIO_setConfig)
                  2000576c    000001cc     rtsv7M4_T_le_eabi.lib : _printfi.c.obj (.text:_pconv_g)
                  20005938    000001b6                           : fd_add_t2.asm.obj (.text)
                  20005aee    00000002     drivers_cc32xx.aem4 : I2CCC32XX.oem4 (.text:I2CCC32XX_init)
                  20005af0    0000014c     dpl_cc32xx.aem4 : PowerCC32XX_tirtos.oem4 (.text:PowerCC32XX_sleepPolicy)
                  20005c3c    00000148     drivers_cc32xx.aem4 : PowerCC32XX.oem4 (.text:parkPins)
                  20005d84    0000013c     rtsv7M4_T_le_eabi.lib : _printfi.c.obj (.text:_pconv_e)
                  20005ec0    00000138     drivers_cc32xx.aem4 : PowerCC32XX.oem4 (.text:Power_sleep)
                  20005ff8    00000136     rtsv7M4_T_le_eabi.lib : fd_div_t2.asm.obj (.text)
                  2000612e    00000002     drivers_cc32xx.aem4 : UARTCC32XX.oem4 (.text:UARTCC32XX_init)
                  20006130    00000130     lcd.obj (.text:LCD_init)
                  20006260    00000130     sysbios.aem4 : BIOS.obj (.text:ti_sysbios_knl_Semaphore_pend__E)
                  20006390    00000120     drivers_cc32xx.aem4 : UARTCC32XX.oem4 (.text:UARTCC32XX_close)
                  200064b0    00000120     rtsv7M4_T_le_eabi.lib : _printfi.c.obj (.text:fcvt)
                  200065d0    00000120     sysbios.aem4 : BIOS.obj (.text:xdc_runtime_Startup_startMods__I)
                  200066f0    00000114     rtsv7M4_T_le_eabi.lib : fputs.c.obj (.text:fputs)
                  20006804    00000004     dpl_cc32xx.aem4 : ClockP_tirtos.oem4 (.text:ClockP_getCpuFreq)
                  20006808    00000110     sysbios.aem4 : BIOS.obj (.text:ti_sysbios_knl_Task_postInit__I)
                  20006918    00000104                  : BIOS.obj (.text:ti_sysbios_knl_Task_Instance_finalize__E)
                  20006a1c    00000100     drivers_cc32xx.aem4 : I2CCC32XX.oem4 (.text:I2CCC32XX_open)
                  20006b1c    000000fc                         : I2CCC32XX.oem4 (.text:I2CCC32XX_transfer)
                  20006c18    000000fc     rtsv7M4_T_le_eabi.lib : fd_mul_t2.asm.obj (.text)
                  20006d14    000000f2     drivers_cc32xx.aem4 : UARTCC32XX.oem4 (.text:UARTCC32XX_control)
                  20006e06    00000002     rtsv7M4_T_le_eabi.lib : _lock.c.obj (.text:_nop)
                  20006e08    000000f0     sysbios.aem4 : BIOS.obj (.text:pthread_create)
                  20006ef8    000000f0                  : BIOS.obj (.text:ti_sysbios_knl_Task_Instance_init__E)
                  20006fe8    000000dc     rtsv7M4_T_le_eabi.lib : setvbuf.c.obj (.text:setvbuf)
                  200070c4    000000d0                           : s_scalbn.c.obj (.text:scalbn)
                  20007194    00000004     dpl_cc32xx.aem4 : ClockP_tirtos.oem4 (.text:ClockP_setTimeout)
                  20007198    000000d0     sysbios.aem4 : BIOS.obj (.text:ti_sysbios_heaps_HeapMem_alloc__E)
                  20007268    000000cc                  : m3_Hwi_asm.obj (.text:ti_sysbios_family_arm_m3_Hwi_dispatch__I)
                  20007334    000000ca     drivers_cc32xx.aem4 : UARTCC32XX.oem4 (.text:UARTCC32XX_write)
                  200073fe    00000002     rtsv7M4_T_le_eabi.lib : div0.asm.obj (.text)
                  20007400    000000c4     drivers_cc32xx.aem4 : GPIOCC32XX.oem4 (.text:GPIO_init)
                  200074c4    00000004     dpl_cc32xx.aem4 : ClockP_tirtos.oem4 (.text:ClockP_start)
                  200074c8    000000c4     sysbios.aem4 : BIOS.obj (.text:ti_sysbios_knl_Task_sleep__E)
                  2000758c    000000c0     drivers_cc32xx.aem4 : PowerCC32XX.oem4 (.text:restoreParkedPins)
                  2000764c    000000bc     empty.obj (.text:read)
                  20007708    000000bc     sysbios.aem4 : BIOS.obj (.text:xdc_runtime_Core_createObject__I)
                  200077c4    000000ba     drivers_cc32xx.aem4 : UARTCC32XX.oem4 (.text:UARTCC32XX_readPolling)
                  2000787e    00000002     release_pem4.oem4 (.text:ti_sysbios_BIOS_nullFunc__I)
                  20007880    000000b8     drivers_cc32xx.aem4 : UARTCC32XX.oem4 (.text:initHw)
                  20007938    000000b8     lcd.obj (.text:send_command)
                  200079f0    000000b8     sysbios.aem4 : BIOS.obj (.text:ti_sysbios_family_arm_m3_Hwi_Instance_init__E)
                  20007aa8    000000b6     drivers_cc32xx.aem4 : UARTCC32XX.oem4 (.text:readTaskCallback)
                  20007b5e    00000002     release_pem4.oem4 (.text:xdc_runtime_Startup_reset__I)
                  20007b60    000000b4     drivers_cc32xx.aem4 : I2CCC32XX.oem4 (.text:initHw)
                  20007c14    000000b1     rtsv7M4_T_le_eabi.lib : _printfi.c.obj (.text:_ltostr)
                  20007cc5    00000001     --HOLE-- [fill = 0]
                  20007cc6    000000ae     drivers_cc32xx.aem4 : UARTCC32XX.oem4 (.text:readIsrTextBlocking)
                  20007d74    000000a8                         : PowerCC32XX.oem4 (.text:PowerCC32XX_configureWakeup)
                  20007e1c    000000a8                         : UARTCC32XX.oem4 (.text:readTaskBlocking)
                  20007ec4    000000a4                         : I2CCC32XX.oem4 (.text:primeWriteBurst)
                  20007f68    000000a4     sysbios.aem4 : BIOS.obj (.text:ti_sysbios_knl_Task_setPri__E)
                  2000800c    000000a2     drivers_cc32xx.aem4 : UARTCC32XX.oem4 (.text:readIsrTextCallback)
                  200080ae    000000a2                         : UARTCC32XX.oem4 (.text:writeData)
                  20008150    000000a0     auto_init.aem4 : auto_init.oem4 (.text)
                  200081f0    0000009c     sysbios.aem4 : BIOS.obj (.text:_pthread_removeThreadKeys)
                  2000828c    0000009c     rtsv7M4_T_le_eabi.lib : memcpy_t2.asm.obj (.text)
                  20008328    00000098     drivers_cc32xx.aem4 : GPIOCC32XX.oem4 (.text:powerNotifyFxn)
                  200083c0    00000098                         : I2CCC32XX.oem4 (.text:primeReadBurst)
                  20008458    00000096     rtsv7M4_T_le_eabi.lib : ull_div_t2.asm.obj (.text)
                  200084ee    00000002     --HOLE-- [fill = 0]
                  200084f0    00000094     sysbios.aem4 : BIOS.obj (.text:ti_sysbios_knl_Task_exit__E)
                  20008584    00000090     drivers_cc32xx.aem4 : PowerCC32XX.oem4 (.text:restoreNVICRegs)
                  20008614    00000004     dpl_cc32xx.aem4 : ClockP_tirtos.oem4 (.text:ClockP_stop)
                  20008618    00000090     sysbios.aem4 : BIOS.obj (.text:ti_sysbios_knl_Task_Module_startup__E)
                  200086a8    0000008c     rtsv7M4_T_le_eabi.lib : fputc.c.obj (.text:fputc)
                  20008734    00000004     dpl_cc32xx.aem4 : HwiP_tirtos.oem4 (.text:HwiP_clearInterrupt)
                  20008738    0000008c     sysbios.aem4 : BIOS.obj (.text:xdc_runtime_Memory_alloc__E)
                  200087c4    00000088     drivers_cc32xx.aem4 : I2CCC32XX.oem4 (.text:I2CCC32XX_close)
                  2000884c    00000088     driverlib.a : pin.obj (.text:PinConfigSet)
                  200088d4    00000004     dpl_cc32xx.aem4 : HwiP_tirtos.oem4 (.text:HwiP_disable)
                  200088d8    00000088     sysbios.aem4 : BIOS.obj (.text:ti_sysbios_family_arm_m3_Hwi_initNVIC__E)
                  20008960    00000086     rtsv7M4_T_le_eabi.lib : fd_cmp_t2.asm.obj (.text:__aeabi_cdcmple)
                  200089e6    00000086                           : fd_cmp_t2.asm.obj (.text:__aeabi_cdrcmple)
                  20008a6c    00000004     dpl_cc32xx.aem4 : HwiP_tirtos.oem4 (.text:HwiP_disableInterrupt)
                  20008a70    00000086     sysbios.aem4 : BIOS.obj (.text:xdc_runtime_Core_constructObject__I)
                  20008af6    00000002     --HOLE-- [fill = 0]
                  20008af8    00000084     drivers_cc32xx.aem4 : PowerCC32XX.oem4 (.text:Power_init)
                  20008b7c    00000084                         : PowerCC32XX.oem4 (.text:saveNVICRegs)
                  20008c00    00000084     sysbios.aem4 : BIOS.obj (.text:ti_sysbios_family_arm_m3_Hwi_postInit__I)
                  20008c84    00000004     dpl_cc32xx.aem4 : HwiP_tirtos.oem4 (.text:HwiP_enableInterrupt)
                  20008c88    00000084     sysbios.aem4 : BIOS.obj (.text:ti_sysbios_heaps_HeapMem_free__E)
                  20008d0c    00000080     drivers_cc32xx.aem4 : PowerCC32XX.oem4 (.text:Power_setDependency)
                  20008d8c    00000004     dpl_cc32xx.aem4 : SemaphoreP_tirtos.oem4 (.text:SemaphoreP_post)
                  20008d90    00000080     sysbios.aem4 : BIOS.obj (.text:ti_sysbios_knl_Clock_workFunc__E)
                  20008e10    0000007c     drivers_cc32xx.aem4 : UARTCC32XX.oem4 (.text:readIsrBinaryBlocking)
                  20008e8c    0000007a     rtsv7M4_T_le_eabi.lib : memset_t2.asm.obj (.text)
                  20008f06    00000002     --HOLE-- [fill = 0]
                  20008f08    00000078     drivers_cc32xx.aem4 : GPIOCC32XX.oem4 (.text:GPIO_hwiIntFxn)
                  20008f80    00000078                         : UARTCC32XX.oem4 (.text:readIsrBinaryCallback)
                  20008ff8    00000074                         : I2CCC32XX.oem4 (.text:I2CCC32XX_cancel)
                  2000906c    00000074                         : UARTCC32XX.oem4 (.text:UARTCC32XX_hwiIntFxn)
                  200090e0    00000074     rtsv7M4_T_le_eabi.lib : fclose.c.obj (.text:__TI_closefile)
                  20009154    00000004                           : printf.c.obj (.text:_outc)
                  20009158    00000074     sysbios.aem4 : BIOS.obj (.text:xdc_runtime_Core_deleteObject__I)
                  200091cc    00000070     empty.obj (.text:initialize_I2C)
                  2000923c    00000004     rtsv7M4_T_le_eabi.lib : printf.c.obj (.text:_outs)
                  20009240    00000070     sysbios.aem4 : BIOS.obj (.text:ti_sysbios_heaps_HeapMem_initPrimary__I)
                  200092b0    0000006e     rtsv7M4_T_le_eabi.lib : _printfi.c.obj (.text:_mcpy)
                  2000931e    00000002     --HOLE-- [fill = 0]
                  20009320    0000006c                           : hostrename.c.obj (.text:HOSTrename)
                  2000938c    00000004     release_pem4.oem4 (.text:ti_sysbios_BIOS_RtsGateProxy_enter__E)
                  20009390    0000006c     sysbios.aem4 : BIOS.obj (.text:ti_sysbios_knl_Swi_restoreHwi__E)
                  200093fc    00000068     rtsv7M4_T_le_eabi.lib : hostlseek.c.obj (.text:HOSTlseek)
                  20009464    00000068                           : copy_decompress_lzss.c.obj (.text:decompress:lzss:__TI_decompress_lzss)
                  200094cc    00000068                           : printf.c.obj (.text:printf)
                  20009534    00000004     release_pem4.oem4 (.text:ti_sysbios_BIOS_RtsGateProxy_leave__E)
                  20009538    00000068     sysbios.aem4 : BIOS.obj (.text:pthread_exit)
                  200095a0    00000066     drivers_cc32xx.aem4 : I2CCC32XX.oem4 (.text:I2CCC32XX_primeTransfer)
                  20009606    00000066                         : UARTCC32XX.oem4 (.text:UARTCC32XX_writeCancel)
                  2000966c    00000064                         : PowerCC32XX.oem4 (.text:PowerCC32XX_setParkState)
                  200096d0    00000064     rtsv7M4_T_le_eabi.lib : fseek.c.obj (.text:fseek)
                  20009734    00000064     main_tirtos.obj (.text:main)
                  20009798    00000064     sysbios.aem4 : BIOS.obj (.text:ti_sysbios_family_arm_m3_Hwi_dispatchC__I)
                  200097fc    00000062     drivers_cc32xx.aem4 : UARTCC32XX.oem4 (.text:UARTCC32XX_writePolling)
                  2000985e    00000062     rtsv7M4_T_le_eabi.lib : _io_perm.c.obj (.text:__TI_wrt_ok)
                  200098c0    00000060                           : hostopen.c.obj (.text:HOSTopen)
                  20009920    00000060     driverlib.a : prcm.obj (.text:PRCMSysResetCauseGet)
                  20009980    00000060     sysbios.aem4 : BIOS.obj (.text:ti_sysbios_knl_Semaphore_post__E)
                  200099e0    00000060                  : BIOS.obj (.text:ti_sysbios_knl_Swi_run__I)
                  20009a40    0000005c     drivers_cc32xx.aem4 : GPIOCC32XX.oem4 (.text:GPIO_setCallback)
                  20009a9c    0000005c     rtsv7M4_T_le_eabi.lib : close.c.obj (.text:close)
                  20009af8    0000005c                           : s_frexp.c.obj (.text:frexp)
                  20009b54    00000004     release_pem4.oem4 (.text:ti_sysbios_family_arm_m3_Hwi_delete)
                  20009b58    0000005c     sysbios.aem4 : BIOS.obj (.text:ti_sysbios_family_arm_m3_Timer_start__E)
                  20009bb4    00000004     release_pem4.oem4 (.text:ti_sysbios_family_arm_m3_TaskSupport_Module__startupDone__S)
                  20009bb8    0000005c     sysbios.aem4 : BIOS.obj (.text:ti_sysbios_knl_Swi_schedule__I)
                  20009c14    00000004     release_pem4.oem4 (.text:ti_sysbios_heaps_HeapMem_Module_GateProxy_enter__E)
                  20009c18    0000005c     sysbios.aem4 : BIOS.obj (.text:ti_sysbios_knl_Task_startCore__E)
                  20009c74    0000005c     lcd.obj (.text:write)
                  20009cd0    0000005c     sysbios.aem4 : BIOS.obj (.text:xdc_runtime_Startup_exec__E)
                  20009d2c    00000058     drivers_cc32xx.aem4 : GPIOCC32XX.oem4 (.text:GPIO_write)
                  20009d84    00000058     rtsv7M4_T_le_eabi.lib : hostread.c.obj (.text:HOSTread)
                  20009ddc    00000058                           : hostwrite.c.obj (.text:HOSTwrite)
                  20009e34    00000058     driverlib.a : prcm.obj (.text:PRCMPeripheralReset)
                  20009e8c    00000058     drivers_cc32xx.aem4 : PowerCC32XX.oem4 (.text:Power_releaseDependency)
                  20009ee4    00000056     rtsv7M4_T_le_eabi.lib : _printfi.c.obj (.text:_pconv_f)
                  20009f3a    00000054                           : ltoa.c.obj (.text:ltoa)
                  20009f8e    00000054     drivers_cc32xx.aem4 : UARTCC32XX.oem4 (.text:ringBufGet)
                  20009fe2    00000002     --HOLE-- [fill = 0]
                  20009fe4    00000054     release_pem4.oem4 (.text:ti_sysbios_family_arm_m3_Hwi_create)
                  2000a038    00000054     sysbios.aem4 : BIOS.obj (.text:ti_sysbios_family_arm_m3_Timer_setPeriod__E)
                  2000a08c    00000052     drivers_cc32xx.aem4 : PowerCC32XX_asm.oem4 (.text:PowerCC32XX_resumeLPDS)
                  2000a0de    00000052     rtsv7M4_T_le_eabi.lib : _printfi.c.obj (.text:_ecpy)
                  2000a130    00000050     dpl_cc32xx.aem4 : ClockP_tirtos.oem4 (.text:ClockP_create)
                  2000a180    00000050     drivers_cc32xx.aem4 : I2CCC32XX.oem4 (.text:I2CCC32XX_completeTransfer)
                  2000a1d0    00000050     sysbios.aem4 : BIOS.obj (.text:ti_sysbios_family_arm_m3_Hwi_Module_startup__E)
                  2000a220    00000050                  : BIOS.obj (.text:ti_sysbios_knl_Clock_Instance_init__E)
                  2000a270    00000050     release_pem4.oem4 (.text:ti_sysbios_knl_Task_create)
                  2000a2c0    0000004c     drivers_cc32xx.aem4 : GPIOCC32XX.oem4 (.text:GPIO_enableInt)
                  2000a30c    0000004c                         : PowerCC32XX.oem4 (.text:PowerCC32XX_parkPin)
                  2000a358    0000004c     rtsv7M4_T_le_eabi.lib : fflush.c.obj (.text:__TI_doflush)
                  2000a3a4    0000004c                           : atoi.c.obj (.text:atoi)
                  2000a3f0    0000004c                           : cpy_tbl.c.obj (.text:copy_in)
                  2000a43c    0000004c     drivers_cc32xx.aem4 : PowerCC32XX.oem4 (.text:restorePeriphClocks)
                  2000a488    0000004c     sysbios.aem4 : m3_TaskSupport_asm.obj (.text:ti_sysbios_family_arm_m3_TaskSupport_buildTaskStack)
                  2000a4d4    00000004     release_pem4.oem4 (.text:ti_sysbios_heaps_HeapMem_Module_GateProxy_leave__E)
                  2000a4d8    0000004c     sysbios.aem4 : BIOS.obj (.text:ti_sysbios_heaps_HeapMem_getStats__E)
                  2000a524    00000004     release_pem4.oem4 (.text:ti_sysbios_knl_Clock_TimerProxy_getMaxTicks__E)
                  2000a528    0000004c     sysbios.aem4 : BIOS.obj (.text:ti_sysbios_knl_Swi_runLoop__I)
                  2000a574    00000004     release_pem4.oem4 (.text:ti_sysbios_knl_Clock_TimerProxy_setPeriodMicroSecs__E)
                  2000a578    0000004c     sysbios.aem4 : BIOS.obj (.text:ti_sysbios_knl_Task_allBlockedFunction__I)
                  2000a5c4    00000004     release_pem4.oem4 (.text:ti_sysbios_knl_Clock_TimerProxy_start__E)
                  2000a5c8    0000004c     sysbios.aem4 : BIOS.obj (.text:ti_sysbios_knl_Task_schedule__I)
                  2000a614    00000048     driverlib.a : flash.obj (.text:FlashDisable)
                  2000a65c    00000048                 : prcm.obj (.text:PRCMLPDSEnter)
                  2000a6a4    00000048                 : prcm.obj (.text:PRCMPeripheralClkEnable)
                  2000a6ec    00000048     drivers_cc32xx.aem4 : PowerCC32XX.oem4 (.text:Power_releaseConstraint)
                  2000a734    00000048     rtsv7M4_T_le_eabi.lib : fd_toi_t2.asm.obj (.text)
                  2000a77c    00000004     release_pem4.oem4 (.text:ti_sysbios_knl_Clock_TimerProxy_stop__E)
                  2000a780    00000048     sysbios.aem4 : BIOS.obj (.text:ti_sysbios_family_arm_m3_Hwi_disableInterrupt__E)
                  2000a7c8    00000048                  : BIOS.obj (.text:ti_sysbios_family_arm_m3_Hwi_enableInterrupt__E)
                  2000a810    00000048                  : m3_Hwi_asm_switch.obj (.text:ti_sysbios_family_arm_m3_Hwi_initStacks__E)
                  2000a858    00000048                  : BIOS.obj (.text:ti_sysbios_family_arm_m3_Timer_initDevice__I)
                  2000a8a0    00000048                  : BIOS.obj (.text:ti_sysbios_knl_Mailbox_Module_startup__E)
                  2000a8e8    00000048                  : BIOS.obj (.text:xdc_runtime_Core_assignParams__I)
                  2000a930    00000046     drivers_cc32xx.aem4 : RingBuf.oem4 (.text:RingBuf_put)
                  2000a976    00000002     --HOLE-- [fill = 0]
                  2000a978    00000044     rtsv7M4_T_le_eabi.lib : hostclose.c.obj (.text:HOSTclose)
                  2000a9bc    00000044                           : hostunlink.c.obj (.text:HOSTunlink)
                  2000aa00    00000044     drivers_cc32xx.aem4 : I2C.oem4 (.text:I2C_init)
                  2000aa44    00000044     driverlib.a : prcm.obj (.text:PRCMLPDSRestoreInfoSet)
                  2000aa88    00000044     drivers_cc32xx.aem4 : PowerCC32XX_asm.oem4 (.text:PowerCC32XX_enterLPDS)
                  2000aacc    00000044                         : UART.oem4 (.text:UART_init)
                  2000ab10    00000044     boot.aem4 : boot.oem4 (.text)
                  2000ab54    00000044     rtsv7M4_T_le_eabi.lib : getdevice.c.obj (.text:getdevice)
                  2000ab98    00000044     sysbios.aem4 : BIOS.obj (.text:ti_sysbios_family_arm_m3_Hwi_getStackInfo__E)
                  2000abdc    00000004     release_pem4.oem4 (.text:ti_sysbios_knl_Clock_delete)
                  2000abe0    00000044     sysbios.aem4 : BIOS.obj (.text:ti_sysbios_knl_Mailbox_postInit__I)
                  2000ac24    00000004     release_pem4.oem4 (.text:ti_sysbios_knl_Semaphore_delete)
                  2000ac28    00000044     sysbios.aem4 : BIOS.obj (.text:ti_sysbios_knl_Swi_post__E)
                  2000ac6c    00000004     release_pem4.oem4 (.text:ti_sysbios_knl_Task_delete)
                  2000ac70    00000044     sysbios.aem4 : BIOS.obj (.text:xdc_runtime_System_atexit__E)
                  2000acb4    00000040     dpl_cc32xx.aem4 : HwiP_tirtos.oem4 (.text:HwiP_create)
                  2000acf4    00000040     drivers_cc32xx.aem4 : I2C.oem4 (.text:I2C_open)
                  2000ad34    00000040     driverlib.a : pin.obj (.text:PinModeSet)
                  2000ad74    00000040     drivers_cc32xx.aem4 : RingBuf.oem4 (.text:RingBuf_get)
                  2000adb4    00000040                         : UARTCC32XX.oem4 (.text:UARTCC32XX_read)
                  2000adf4    00000004     release_pem4.oem4 (.text:xdc_runtime_System_Module_GateProxy_enter__E)
                  2000adf8    00000040     sysbios.aem4 : BIOS.obj (.text:ti_sysbios_heaps_HeapMem_Instance_init__E)
                  2000ae38    0000003e     rtsv7M4_T_le_eabi.lib : _printfi.c.obj (.text:_fcpy)
                  2000ae76    00000002     --HOLE-- [fill = 0]
                  2000ae78    0000003c     drivers_cc32xx.aem4 : PowerCC32XX.oem4 (.text:Power_setConstraint)
                  2000aeb4    0000003c     dpl_cc32xx.aem4 : SemaphoreP_tirtos.oem4 (.text:SemaphoreP_create)
                  2000aef0    0000003c     sysbios.aem4 : BIOS.obj (.text:sleep)
                  2000af2c    00000004     release_pem4.oem4 (.text:xdc_runtime_System_Module_GateProxy_leave__E)
                  2000af30    0000003c     sysbios.aem4 : BIOS.obj (.text:ti_sysbios_family_arm_m3_Hwi_Instance_finalize__E)
                  2000af6c    00000004     --HOLE-- [fill = 0]
                  2000af70    0000003c                  : BIOS.obj (.text:ti_sysbios_family_arm_m3_Timer_setPeriodMicroSecs__E)
                  2000afac    0000003c     release_pem4.oem4 (.text:ti_sysbios_knl_Clock_create)
                  2000afe8    0000003c     sysbios.aem4 : BIOS.obj (.text:ti_sysbios_knl_Clock_walkQueuePeriodic__E)
                  2000b024    00000004     --HOLE-- [fill = 0]
                  2000b028    0000003c                  : BIOS.obj (.text:ti_sysbios_knl_Swi_restore__E)
                  2000b064    00000004     --HOLE-- [fill = 0]
                  2000b068    0000003c                  : BIOS.obj (.text:usleep)
                  2000b0a4    00000004     --HOLE-- [fill = 0]
                  2000b0a8    0000003c                  : BIOS.obj (.text:xdc_runtime_System_processAtExit__E)
                  2000b0e4    0000003a     dpl_cc32xx.aem4 : PowerCC32XX_tirtos.oem4 (.text:getCountsRTC)
                  2000b11e    00000002     --HOLE-- [fill = 0]
                  2000b120    00000038     driverlib.a : prcm.obj (.text:PRCMLPDSEnterKeepDebugIf)
                  2000b158    00000038     rtsv7M4_T_le_eabi.lib : trgmsg.c.obj (.text:__TI_writemsg)
                  2000b190    00000038     drivers_cc32xx.aem4 : PowerCC32XX.oem4 (.text:notify)
                  2000b1c8    00000038     sysbios.aem4 : BIOS.obj (.text:ti_sysbios_knl_Task_processVitalTaskFlag__I)
                  2000b200    00000036     drivers_cc32xx.aem4 : UARTCC32XX.oem4 (.text:UARTCC32XX_readCancel)
                  2000b236    00000036     rtsv7M4_T_le_eabi.lib : strncpy.c.obj (.text:strncpy)
                  2000b26c    00000034     driverlib.a : prcm.obj (.text:PRCMPeripheralStatusGet)
                  2000b2a0    00000034                 : pin.obj (.text:PinModeGet)
                  2000b2d4    00000034     drivers_cc32xx.aem4 : PowerCC32XX.oem4 (.text:PowerCC32XX_restoreParkState)
                  2000b308    00000034     rtsv7M4_T_le_eabi.lib : fopen.c.obj (.text:__TI_cleanup)
                  2000b33c    00000034                           : trgmsg.c.obj (.text:__TI_readmsg)
                  2000b370    00000034     sysbios.aem4 : BIOS.obj (.text:_pthread_delete$41)
                  2000b3a4    00000004     --HOLE-- [fill = 0]
                  2000b3a8    00000034                  : BIOS.obj (.text:ti_sysbios_family_arm_m3_Timer_periodicStub__I)
                  2000b3dc    00000034     release_pem4.oem4 (.text:ti_sysbios_knl_Semaphore_create)
                  2000b410    00000032     sysbios.aem4 : BIOS.obj (.text:ti_sysbios_hal_Hwi_initStack)
                  2000b442    00000030     drivers_cc32xx.aem4 : PowerCC32XX.oem4 (.text:PowerCC32XX_restoreParkedPin)
                  2000b472    00000002     --HOLE-- [fill = 0]
                  2000b474    00000030     lcd.obj (.text:enable)
                  2000b4a4    00000030     rtsv7M4_T_le_eabi.lib : getdevice.c.obj (.text:finddevice)
                  2000b4d4    00000030     release_pem4.oem4 (.text:ti_sysbios_BIOS_atExitFunc__I)
                  2000b504    00000030     release_pem4.oem4 (.text:ti_sysbios_BIOS_startFunc__I)
                  2000b534    00000004     --HOLE-- [fill = 0]
                  2000b538    00000030     sysbios.aem4 : BIOS.obj (.text:ti_sysbios_family_arm_m3_TaskSupport_start__E)
                  2000b568    00000030     release_pem4.oem4 (.text:ti_sysbios_gates_GateHwi_Object__create__S)
                  2000b598    00000030     release_pem4.oem4 (.text:ti_sysbios_gates_GateMutex_Object__create__S)
                  2000b5c8    00000030     sysbios.aem4 : BIOS.obj (.text:ti_sysbios_gates_GateMutex_enter__E)
                  2000b5f8    00000030     release_pem4.oem4 (.text:ti_sysbios_heaps_HeapMem_Object__create__S)
                  2000b628    00000030     release_pem4.oem4 (.text:ti_sysbios_knl_Semaphore_construct)
                  2000b658    00000030     sysbios.aem4 : BIOS.obj (.text:ti_sysbios_knl_Semaphore_pendTimeout__I)
                  2000b688    00000030                  : BIOS.obj (.text:ti_sysbios_knl_Task_restore__E)
                  2000b6b8    00000030                  : BIOS.obj (.text:ti_sysbios_knl_Task_unblockI__E)
                  2000b6e8    0000002e     rtsv7M4_T_le_eabi.lib : i_tofd_t2.asm.obj (.text)
                  2000b716    0000002e     release_pem4.oem4 (.text:ti_sysbios_rts_MemAlloc_alloc)
                  2000b744    0000002c     drivers_cc32xx.aem4 : PowerCC32XX.oem4 (.text:PowerCC32XX_getParkState)
                  2000b770    0000002c     dpl_cc32xx.aem4 : SemaphoreP_tirtos.oem4 (.text:SemaphoreP_createBinary)
                  2000b79c    00000004     --HOLE-- [fill = 0]
                  2000b7a0    0000002c     sysbios.aem4 : BIOS.obj (.text:_pthread_cleanupFxn)
                  2000b7cc    0000002c     empty.obj (.text:mainThread)
                  2000b7f8    0000002c     release_pem4.oem4 (.text:ti_sysbios_gates_GateHwi_Handle__label__S)
                  2000b824    0000002c     release_pem4.oem4 (.text:ti_sysbios_gates_GateMutex_Handle__label__S)
                  2000b850    0000002c     release_pem4.oem4 (.text:ti_sysbios_heaps_HeapMem_Handle__label__S)
                  2000b87c    0000002c     release_pem4.oem4 (.text:ti_sysbios_knl_Clock_doTick__I)
                  2000b8a8    0000002c     release_pem4.oem4 (.text:ti_sysbios_knl_Queue_construct)
                  2000b8d4    0000002c     rtsv7M4_T_le_eabi.lib : unlink.c.obj (.text:unlink)
                  2000b900    00000028     driverlib.a : prcm.obj (.text:PRCMPeripheralClkDisable)
                  2000b928    00000028     dpl_cc32xx.aem4 : PowerCC32XX_tirtos.oem4 (.text:PowerCC32XX_initPolicy)
                  2000b950    00000028     drivers_cc32xx.aem4 : PowerCC32XX.oem4 (.text:Power_registerNotify)
                  2000b978    00000028     rtsv7M4_T_le_eabi.lib : lseek.c.obj (.text:lseek)
                  2000b9a0    00000028     sysbios.aem4 : m3_Hwi_asm.obj (.text:ti_sysbios_family_arm_m3_Hwi_excHandlerAsm__I)
                  2000b9c8    00000028                  : BIOS.obj (.text:ti_sysbios_knl_Clock_addI__E)
                  2000b9f0    00000028                  : BIOS.obj (.text:ti_sysbios_knl_Swi_Module_startup__E)
                  2000ba18    00000026     drivers_cc32xx.aem4 : List.oem4 (.text:List_put)
                  2000ba3e    00000026                         : List.oem4 (.text:List_remove)
                  2000ba64    00000024                         : PowerCC32XX.oem4 (.text:PowerCC32XX_reset)
                  2000ba88    00000024     sysbios.aem4 : BIOS.obj (.text:pthread_attr_init)
                  2000baac    00000024     release_pem4.oem4 (.text:ti_sysbios_BIOS_registerRTSLock__I)
                  2000bad0    00000024     release_pem4.oem4 (.text:ti_sysbios_BIOS_removeRTSLock__I)
                  2000baf4    00000004     --HOLE-- [fill = 0]
                  2000baf8    00000024     sysbios.aem4 : BIOS.obj (.text:ti_sysbios_family_arm_m3_Timer_postInit__I)
                  2000bb1c    00000004     --HOLE-- [fill = 0]
                  2000bb20    00000024                  : BIOS.obj (.text:ti_sysbios_family_arm_m3_Timer_startup__E)
                  2000bb44    00000024     release_pem4.oem4 (.text:ti_sysbios_gates_GateMutex_Object__delete__S)
                  2000bb68    00000024     sysbios.aem4 : BIOS.obj (.text:ti_sysbios_knl_Clock_Module_startup__E)
                  2000bb8c    00000024     release_pem4.oem4 (.text:ti_sysbios_knl_Clock_Object__delete__S)
                  2000bbb0    00000024     sysbios.aem4 : BIOS.obj (.text:ti_sysbios_knl_Clock_start__E)
                  2000bbd4    00000004     --HOLE-- [fill = 0]
                  2000bbd8    00000024                  : BIOS.obj (.text:ti_sysbios_knl_Semaphore_Instance_init__E)
                  2000bbfc    00000024     release_pem4.oem4 (.text:ti_sysbios_knl_Semaphore_Object__delete__S)
                  2000bc20    00000024     sysbios.aem4 : BIOS.obj (.text:ti_sysbios_knl_Task_restoreHwi__E)
                  2000bc44    00000004     --HOLE-- [fill = 0]
                  2000bc48    00000024                  : BIOS.obj (.text:xdc_runtime_Error_policyMin__E)
                  2000bc6c    00000020     drivers_cc32xx.aem4 : PowerCC32XX.oem4 (.text:Power_unregisterNotify)
                  2000bc8c    00000020                         : RingBuf.oem4 (.text:RingBuf_peek)
                  2000bcac    00000020                         : UARTCC32XX.oem4 (.text:getPowerMgrId)
                  2000bccc    00000020     rtsv7M4_T_le_eabi.lib : memchr.c.obj (.text:memchr)
                  2000bcec    00000020     release_pem4.oem4 (.text:ti_sysbios_BIOS_rtsLock__I)
                  2000bd0c    00000020     release_pem4.oem4 (.text:ti_sysbios_family_arm_m3_Hwi_Object__delete__S)
                  2000bd2c    00000004     --HOLE-- [fill = 0]
                  2000bd30    00000020     sysbios.aem4 : BIOS.obj (.text:ti_sysbios_family_arm_m3_Hwi_clearInterrupt__E)
                  2000bd50    00000020     release_pem4.oem4 (.text:ti_sysbios_gates_GateHwi_Object__delete__S)
                  2000bd70    00000020     release_pem4.oem4 (.text:ti_sysbios_heaps_HeapMem_Object__delete__S)
                  2000bd90    00000020     sysbios.aem4 : BIOS.obj (.text:ti_sysbios_knl_Idle_run__E)
                  2000bdb0    00000020     release_pem4.oem4 (.text:ti_sysbios_knl_Semaphore_destruct)
                  2000bdd0    00000020     release_pem4.oem4 (.text:ti_sysbios_knl_Task_Object__delete__S)
                  2000bdf0    0000001e     sysbios.aem4 : m3_Hwi_asm_switch.obj (.text:ti_sysbios_family_xxx_Hwi_switchAndRunFunc)
                  2000be0e    00000002     --HOLE-- [fill = 0]
                  2000be10    0000001c     driverlib.a : pin.obj (.text:PinToPadGet)
                  2000be2c    0000001c     empty.obj (.text:i2cTask)
                  2000be48    0000001c     rtsv7M4_T_le_eabi.lib : memccpy.c.obj (.text:memccpy)
                  2000be64    00000004     --HOLE-- [fill = 0]
                  2000be68    0000001c     sysbios.aem4 : BIOS.obj (.text:ti_sysbios_family_arm_m3_Hwi_excHandler__I)
                  2000be84    00000004     --HOLE-- [fill = 0]
                  2000be88    0000001c                  : BIOS.obj (.text:ti_sysbios_family_arm_m3_Timer_Module_startup__E)
                  2000bea4    00000004     --HOLE-- [fill = 0]
                  2000bea8    0000001c                  : BIOS.obj (.text:ti_sysbios_family_arm_m3_Timer_stop__E)
                  2000bec4    00000004     --HOLE-- [fill = 0]
                  2000bec8    0000001c                  : BIOS.obj (.text:ti_sysbios_gates_GateMutex_Instance_init__E)
                  2000bee4    00000004     --HOLE-- [fill = 0]
                  2000bee8    0000001c                  : BIOS.obj (.text:ti_sysbios_knl_Clock_Instance_finalize__E)
                  2000bf04    0000001c     release_pem4.oem4 (.text:ti_sysbios_knl_Queue_destruct)
                  2000bf20    0000001c     sysbios.aem4 : BIOS.obj (.text:ti_sysbios_knl_Queue_put__E)
                  2000bf3c    00000004     --HOLE-- [fill = 0]
                  2000bf40    0000001c                  : BIOS.obj (.text:ti_sysbios_knl_Task_enter__I)
                  2000bf5c    00000004     --HOLE-- [fill = 0]
                  2000bf60    0000001c                  : BIOS.obj (.text:ti_sysbios_rts_ti_ReentSupport_getReent__F)
                  2000bf7c    0000001a     release_pem4.oem4 (.text:free)
                  2000bf96    0000001a     sysbios.aem4 : m3_Hwi_asm.obj (.text:ti_sysbios_family_arm_m3_Hwi_pendSV__I)
                  2000bfb0    00000018     drivers_cc32xx.aem4 : I2C.oem4 (.text:I2C_transfer)
                  2000bfc8    00000018                         : PowerCC32XX.oem4 (.text:Power_idleFunc)
                  2000bfe0    00000018     driverlib.a : uart.obj (.text:UARTBusy)
                  2000bff8    00000018                 : uart.obj (.text:UARTIntEnable)
                  2000c010    00000018     rtsv7M4_T_le_eabi.lib : args_main.c.obj (.text:_args_main)
                  2000c028    00000018                           : ll_mul_t2.asm.obj (.text)
                  2000c040    00000018                           : strcmp.c.obj (.text:strcmp)
                  2000c058    00000018     release_pem4.oem4 (.text:ti_sysbios_BIOS_rtsUnlock__I)
                  2000c070    00000018     release_pem4.oem4 (.text:ti_sysbios_family_arm_m3_Hwi_Module__startupDone__F)
                  2000c088    00000018     release_pem4.oem4 (.text:ti_sysbios_family_arm_m3_Timer_Module__startupDone__F)
                  2000c0a0    00000018     sysbios.aem4 : BIOS.obj (.text:ti_sysbios_gates_GateMutex_leave__E)
                  2000c0b8    00000018                  : BIOS.obj (.text:ti_sysbios_knl_Task_sleepTimeout__I)
                  2000c0d0    00000018     release_pem4.oem4 (.text:ti_sysbios_rts_ti_ReentSupport_getTlsAddr__I)
                  2000c0e8    00000018     sysbios.aem4 : BIOS.obj (.text:xdc_runtime_Error_init__E)
                  2000c100    00000018                  : BIOS.obj (.text:xdc_runtime_System_exit__E)
                  2000c118    00000016     driverlib.a : prcm.obj (.text:PRCMHIBRegRead)
                  2000c12e    00000016                 : prcm.obj (.text:PRCMHIBRegWrite)
                  2000c144    00000016     rtsv7M4_T_le_eabi.lib : strchr.c.obj (.text:strchr)
                  2000c15a    00000016     release_pem4.oem4 (.text:ti_sysbios_BIOS_exitFunc__I)
                  2000c170    00000014     drivers_cc32xx.aem4 : I2CCC32XX.oem4 (.text:I2CCC32XX_reset)
                  2000c184    00000014                         : PowerCC32XX.oem4 (.text:Power_getDependencyCount)
                  2000c198    00000014     sysbios.aem4 : BIOS.obj (.text:pthread_attr_setschedparam)
                  2000c1ac    00000014     drivers_cc32xx.aem4 : UARTCC32XX.oem4 (.text:releasePowerConstraint)
                  2000c1c0    00000014     rtsv7M4_T_le_eabi.lib : strcpy.c.obj (.text:strcpy)
                  2000c1d4    00000014                           : strlen.c.obj (.text:strlen)
                  2000c1e8    00000014     release_pem4.oem4 (.text:ti_sysbios_family_arm_m3_Hwi_Object__get__S)
                  2000c1fc    00000004     --HOLE-- [fill = 0]
                  2000c200    00000014     sysbios.aem4 : BIOS.obj (.text:ti_sysbios_family_arm_m3_Hwi_switchFromBootStack__E)
                  2000c214    00000014     release_pem4.oem4 (.text:ti_sysbios_heaps_HeapMem_Object__get__S)
                  2000c228    00000014     sysbios.aem4 : BIOS.obj (.text:ti_sysbios_knl_Clock_tickReconfig__E)
                  2000c23c    00000014     release_pem4.oem4 (.text:ti_sysbios_knl_Swi_Object__get__S)
                  2000c250    00000012     drivers_cc32xx.aem4 : RingBuf.oem4 (.text:RingBuf_construct)
                  2000c262    00000012     dpl_cc32xx.aem4 : SemaphoreP_tirtos.oem4 (.text:SemaphoreP_pend)
                  2000c274    00000004     --HOLE-- [fill = 0]
                  2000c278    00000012     sysbios.aem4 : BIOS.obj (.text:_pthread_runStub$41)
                  2000c28a    00000006     drivers_cc32xx.aem4 : I2CCC32XX.oem4 (.text:I2CCC32XX_control)
                  2000c290    00000012     sysbios.aem4 : BIOS.obj (.text:ti_sysbios_hal_Hwi_Module_startup__E)
                  2000c2a2    00000012     rtsv7M4_T_le_eabi.lib : wcslen.c.obj (.text:wcslen)
                  2000c2b4    00000012     release_pem4.oem4 (.text:xdc_runtime_Startup_exec__I)
                  2000c2c6    00000010     ti_drivers_config.obj (.text:Board_init)
                  2000c2d6    00000010     dpl_cc32xx.aem4 : HwiP_tirtos.oem4 (.text:HwiP_Params_init)
                  2000c2e6    00000002     --HOLE-- [fill = 0]
                  2000c2e8    00000010     drivers_cc32xx.aem4 : I2C.oem4 (.text:I2C_Params_init)
                  2000c2f8    00000010                         : UARTCC32XX.oem4 (.text:readBlockingTimeout)
                  2000c308    00000010     sysbios.aem4 : BIOS.obj (.text:ti_sysbios_BIOS_getCpuFreq__E)
                  2000c318    00000010                  : BIOS.obj (.text:ti_sysbios_BIOS_setThreadType__E)
                  2000c328    00000010                  : BIOS.obj (.text:ti_sysbios_BIOS_start__E)
                  2000c338    00000010                  : m3_TaskSupport_asm.obj (.text:ti_sysbios_family_arm_m3_TaskSupport_glue)
                  2000c348    00000010                  : m3_TaskSupport_asm.obj (.text:ti_sysbios_family_arm_m3_TaskSupport_swap__E)
                  2000c358    00000010                  : BIOS.obj (.text:ti_sysbios_gates_GateMutex_Instance_finalize__E)
                  2000c368    00000010     release_pem4.oem4 (.text:ti_sysbios_knl_Mailbox_Object__get__S)
                  2000c378    00000010     sysbios.aem4 : BIOS.obj (.text:ti_sysbios_knl_Semaphore_Instance_finalize__E)
                  2000c388    00000010                  : BIOS.obj (.text:ti_sysbios_knl_Swi_disable__E)
                  2000c398    00000010     release_pem4.oem4 (.text:ti_sysbios_knl_Task_Object__get__S)
                  2000c3a8    00000010     sysbios.aem4 : BIOS.obj (.text:ti_sysbios_knl_Task_disable__E)
                  2000c3b8    00000010                  : BIOS.obj (.text:xdc_runtime_Memory_free__E)
                  2000c3c8    00000010                  : BIOS.obj (.text:xdc_runtime_SysCallback_abort__E)
                  2000c3d8    00000010                  : BIOS.obj (.text:xdc_runtime_SysCallback_exit__E)
                  2000c3e8    0000000e     drivers_cc32xx.aem4 : RingBuf.oem4 (.text:RingBuf_isFull)
                  2000c3f6    0000000e     rtsv7M4_T_le_eabi.lib : copy_decompress_none.c.obj (.text:decompress:none:__TI_decompress_none)
                  2000c404    00000004     --HOLE-- [fill = 0]
                  2000c408    0000000e     sysbios.aem4 : BIOS.obj (.text:pthread_attr_setdetachstate)
                  2000c416    00000002     --HOLE-- [fill = 0]
                  2000c418    0000000e                  : BIOS.obj (.text:ti_sysbios_knl_Idle_loop__E)
                  2000c426    00000002     --HOLE-- [fill = 0]
                  2000c428    0000000e                  : BIOS.obj (.text:ti_sysbios_knl_Queue_empty__E)
                  2000c436    0000000c     dpl_cc32xx.aem4 : ClockP_tirtos.oem4 (.text:ClockP_delete)
                  2000c442    0000000c                     : HwiP_tirtos.oem4 (.text:HwiP_delete)
                  2000c44e    00000002     --HOLE-- [fill = 0]
                  2000c450    0000000c     drivers_cc32xx.aem4 : PowerCC32XX.oem4 (.text:Power_getConstraintMask)
                  2000c45c    0000000c     dpl_cc32xx.aem4 : SemaphoreP_tirtos.oem4 (.text:SemaphoreP_delete)
                  2000c468    0000000c     rtsv7M4_T_le_eabi.lib : _lock.c.obj (.text:_register_lock)
                  2000c474    0000000c                           : _lock.c.obj (.text:_register_unlock)
                  2000c480    0000000c                           : s_copysign.c.obj (.text:copysign)
                  2000c48c    0000000c                           : copy_zero_init.c.obj (.text:decompress:ZI:__TI_zero_init)
                  2000c498    0000000c     drivers_cc32xx.aem4 : I2CCC32XX.oem4 (.text:postNotify)
                  2000c4a4    0000000c                         : UARTCC32XX.oem4 (.text:postNotifyFxn)
                  2000c4b0    0000000c     release_pem4.oem4 (.text:ti_sysbios_family_arm_m3_Hwi_Params__init__S)
                  2000c4bc    00000004     --HOLE-- [fill = 0]
                  2000c4c0    0000000c     sysbios.aem4 : BIOS.obj (.text:ti_sysbios_family_arm_m3_Hwi_disableFxn__E)
                  2000c4cc    00000004     --HOLE-- [fill = 0]
                  2000c4d0    0000000c                  : BIOS.obj (.text:ti_sysbios_family_arm_m3_TaskSupport_getStackAlignment__E)
                  2000c4dc    00000004     --HOLE-- [fill = 0]
                  2000c4e0    0000000c                  : BIOS.obj (.text:ti_sysbios_gates_GateHwi_enter__E)
                  2000c4ec    0000000c     release_pem4.oem4 (.text:ti_sysbios_knl_Clock_Params__init__S)
                  2000c4f8    0000000c     sysbios.aem4 : BIOS.obj (.text:ti_sysbios_knl_Clock_getTicks__E)
                  2000c504    00000004     --HOLE-- [fill = 0]
                  2000c508    0000000c                  : BIOS.obj (.text:ti_sysbios_knl_Clock_setTicks__E)
                  2000c514    00000004     --HOLE-- [fill = 0]
                  2000c518    0000000c                  : BIOS.obj (.text:ti_sysbios_knl_Clock_tickStart__E)
                  2000c524    00000004     --HOLE-- [fill = 0]
                  2000c528    0000000c                  : BIOS.obj (.text:ti_sysbios_knl_Clock_tickStop__E)
                  2000c534    0000000c     release_pem4.oem4 (.text:ti_sysbios_knl_Queue_Object__get__S)
                  2000c540    0000000c     release_pem4.oem4 (.text:ti_sysbios_knl_Semaphore_Params__init__S)
                  2000c54c    0000000c     release_pem4.oem4 (.text:ti_sysbios_knl_Task_Params__init__S)
                  2000c558    0000000c     sysbios.aem4 : BIOS.obj (.text:ti_sysbios_knl_Task_self__E)
                  2000c564    00000004     --HOLE-- [fill = 0]
                  2000c568    0000000c                  : BIOS.obj (.text:ti_sysbios_rts_ti_ReentSupport_taskRegHook__I)
                  2000c574    00000004     --HOLE-- [fill = 0]
                  2000c578    0000000c                  : BIOS.obj (.text:xdc_runtime_Startup_rtsDone__E)
                  2000c584    0000000a     dpl_cc32xx.aem4 : ClockP_tirtos.oem4 (.text:ClockP_Params_init)
                  2000c58e    0000000a     release_pem4.oem4 (.text:xdc_runtime_IHeap_alloc)
                  2000c598    0000000a     release_pem4.oem4 (.text:xdc_runtime_IHeap_free)
                  2000c5a2    00000008     drivers_cc32xx.aem4 : I2CCC32XX.oem4 (.text:I2CCC32XX_blockingCallback)
                  2000c5aa    00000008     dpl_cc32xx.aem4 : SemaphoreP_tirtos.oem4 (.text:SemaphoreP_Params_init)
                  2000c5b2    00000006     driverlib.a : utils.obj (.text:UtilsDelay)
                  2000c5b8    00000008     sysbios.aem4 : BIOS.obj (.text:pthread_attr_setstacksize)
                  2000c5c0    00000008     drivers_cc32xx.aem4 : UARTCC32XX.oem4 (.text:readSemCallback)
                  2000c5c8    00000008     sysbios.aem4 : BIOS.obj (.text:ti_sysbios_family_arm_m3_Hwi_doSwiRestore__I)
                  2000c5d0    00000008                  : BIOS.obj (.text:ti_sysbios_family_arm_m3_Hwi_startup__E)
                  2000c5d8    00000008     drivers_cc32xx.aem4 : UARTCC32XX.oem4 (.text:writeSemCallback)
                  2000c5e0    00000006     sysbios.aem4 : BIOS.obj (.text:ti_sysbios_family_arm_m3_Hwi_doTaskRestore__I)
                  2000c5e6    00000002     --HOLE-- [fill = 0]
                  2000c5e8    00000006                  : BIOS.obj (.text:ti_sysbios_family_arm_m3_Hwi_restoreFxn__E)
                  2000c5ee    00000002     --HOLE-- [fill = 0]
                  2000c5f0    00000006                  : BIOS.obj (.text:ti_sysbios_gates_GateHwi_leave__E)
                  2000c5f6    00000002     --HOLE-- [fill = 0]
                  2000c5f8    00000006                  : BIOS.obj (.text:ti_sysbios_heaps_HeapMem_isBlocking__E)
                  2000c5fe    00000002     --HOLE-- [fill = 0]
                  2000c600    00000006                  : BIOS.obj (.text:ti_sysbios_knl_Clock_stop__E)
                  2000c606    00000002     --HOLE-- [fill = 0]
                  2000c608    00000006                  : BIOS.obj (.text:ti_sysbios_knl_Queue_Instance_init__E)
                  2000c60e    00000002     --HOLE-- [fill = 0]
                  2000c610    00000006                  : BIOS.obj (.text:ti_sysbios_knl_Swi_startup__E)
                  2000c616    00000002     --HOLE-- [fill = 0]
                  2000c618    00000006                  : BIOS.obj (.text:xdc_runtime_System_Module_startup__E)
                  2000c61e    00000002     --HOLE-- [fill = 0]
                  2000c620    00000004                  : BIOS.obj (.text:__aeabi_errno_addr)
                  2000c624    00000004     --HOLE-- [fill = 0]
                  2000c628    00000004                  : BIOS.obj (.text:ti_sysbios_family_arm_m3_Timer_getMaxTicks__E)
                  2000c62c    00000004     --HOLE-- [fill = 0]
                  2000c630    00000004                  : BIOS.obj (.text:ti_sysbios_gates_GateHwi_query__E)
                  2000c634    00000004     --HOLE-- [fill = 0]
                  2000c638    00000004                  : BIOS.obj (.text:ti_sysbios_gates_GateMutex_query__E)
                  2000c63c    00000004     --HOLE-- [fill = 0]
                  2000c640    00000004                  : BIOS.obj (.text:ti_sysbios_knl_Clock_setTimeout__E)
                  2000c644    00000004     --HOLE-- [fill = 0]
                  2000c648    00000004                  : BIOS.obj (.text:ti_sysbios_knl_Task_startup__E)
                  2000c64c    00000004     --HOLE-- [fill = 0]
                  2000c650    00000002                  : BIOS.obj (.text:ti_sysbios_BIOS_linkedWithIncorrectBootLibrary__E)
                  2000c652    00000006     --HOLE-- [fill = 0]
                  2000c658    00000002                  : BIOS.obj (.text:ti_sysbios_gates_GateHwi_Instance_init__E)
                  2000c65a    00000006     --HOLE-- [fill = 0]
                  2000c660    00000002                  : BIOS.obj (.text:ti_sysbios_knl_Clock_logTick__E)
                  2000c662    00000006     --HOLE-- [fill = 0]
                  2000c668    00000002                  : BIOS.obj (.text:xdc_runtime_SysCallback_defaultAbort)
                  2000c66a    00000006     --HOLE-- [fill = 0]
                  2000c670    00000002                  : BIOS.obj (.text:xdc_runtime_SysCallback_defaultExit)
                  2000c672    00000006     --HOLE-- [fill = 0]
                  2000c678    00000002                  : BIOS.obj (.text:xdc_runtime_System_abortSpin__E)
                  2000c67a    00000006     --HOLE-- [fill = 0]
                  2000c680    00000002                  : BIOS.obj (.text:xdc_runtime_System_exitSpin__E)

.bss       0    20014688    00000a06     UNINITIALIZED
                  20014688    0000030c     (.common:ti_sysbios_family_arm_m3_Hwi_dispatchTable)
                  20014994    00000004     drivers_cc32xx.aem4 : GPIOCC32XX.oem4 (.bss)
                  20014998    00000200     release_pem4.oem4 (.bss:taskStackSection)
                  20014b98    0000012c     (.common:PowerCC32XX_contextSave)
                  20014cc4    00000120     rtsv7M4_T_le_eabi.lib : trgmsg.c.obj (.bss:_CIOBUF_)
                  20014de4    000000a0     (.common:__TI_tmpnams)
                  20014e84    00000084     (.common:uartCC32XXObjects0)
                  20014f08    00000084     (.common:uartCC32XXObjects1)
                  20014f8c    00000058     (.common:i2cCC32XXObjects)
                  20014fe4    00000020     drivers_cc32xx.aem4 : GPIOCC32XX.oem4 (.bss:gpioCallbackInfo)
                  20015004    00000020     ti_drivers_config.obj (.bss:uartCC32XXRingBuffer0)
                  20015024    00000020     ti_drivers_config.obj (.bss:uartCC32XXRingBuffer1)
                  20015044    00000014     drivers_cc32xx.aem4 : GPIOCC32XX.oem4 (.bss:powerNotifyObj)
                  20015058    00000010     (.common:i2cparams)
                  20015068    0000000c     (.common:getTime)
                  20015074    00000008     (.common:parmbuf)
                  2001507c    00000004     (.common:ClockP_tickPeriod)
                  20015080    00000004     (.common:i2c)
                  20015084    00000004     (.common:ti_sysbios_knl_Task_Instance_State_0_hookEnv__A)
                  20015088    00000001     (.common:D4)
                  20015089    00000001     (.common:D5)
                  2001508a    00000001     (.common:D6)
                  2001508b    00000001     (.common:D7)
                  2001508c    00000001     (.common:E)
                  2001508d    00000001     (.common:RS)

.data      0    20015090    000008fd     UNINITIALIZED
                  20015090    0000016c     drivers_cc32xx.aem4 : PowerCC32XX.oem4 (.data:PowerCC32XX_module)
                  200151fc    000000f8     ti_drivers_config.obj (.data:parkInfo)
                  200152f4    000000f0     rtsv7M4_T_le_eabi.lib : defs.c.obj (.data:_ftable)
                  200153e4    00000088     sysbios.aem4 : BIOS.obj (.data:$O1$$)
                  2001546c    00000080     release_pem4.oem4 (.data:ti_sysbios_knl_Swi_Module_State_0_readyQ__A)
                  200154ec    00000080     release_pem4.oem4 (.data:ti_sysbios_knl_Task_Module_State_0_readyQ__A)
                  2001556c    00000078     rtsv7M4_T_le_eabi.lib : host_device.c.obj (.data:_device)
                  200155e4    00000054     release_pem4.oem4 (.data:ti_sysbios_gates_GateMutex_Object__table__V)
                  20015638    00000050     rtsv7M4_T_le_eabi.lib : host_device.c.obj (.data:_stream)
                  20015688    0000004c     release_pem4.oem4 (.data:ti_sysbios_knl_Task_Object__table__V)
                  200156d4    00000044     release_pem4.oem4 (.data:ti_sysbios_knl_Task_Module__state__V)
                  20015718    00000034     release_pem4.oem4 (.data:ti_sysbios_family_arm_m3_Hwi_Module__state__V)
                  2001574c    00000030     release_pem4.oem4 (.data:ti_sysbios_family_arm_m3_Timer_Object__table__V)
                  2001577c    00000030     release_pem4.oem4 (.data:ti_sysbios_knl_Swi_Object__table__V)
                  200157ac    0000002c     release_pem4.oem4 (.data:ti_sysbios_knl_Clock_Module__state__V)
                  200157d8    00000024     release_pem4.oem4 (.data:ti_sysbios_BIOS_Module__state__V)
                  200157fc    00000020     release_pem4.oem4 (.data:xdc_runtime_Error_IgnoreBlock)
                  2001581c    0000001c     empty.obj (.data:i2cRead)
                  20015838    0000001c     empty.obj (.data:i2cTransaction)
                  20015854    0000001c     release_pem4.oem4 (.data:ti_sysbios_knl_Swi_Module__state__V)
                  20015870    00000018     ti_drivers_config.obj (.data:gpioCallbackFunctions)
                  20015888    00000018     ti_drivers_config.obj (.data:gpioPinConfigs)
                  200158a0    00000018     release_pem4.oem4 (.data:ti_sysbios_family_arm_m3_Hwi_Object__table__V)
                  200158b8    00000018     release_pem4.oem4 (.data:ti_sysbios_heaps_HeapMem_Object__table__V)
                  200158d0    00000010     rtsv7M4_T_le_eabi.lib : defs.c.obj (.data)
                  200158e0    0000000c                           : exit.c.obj (.data:$O1$$)
                  200158ec    0000000c     release_pem4.oem4 (.data:ti_sysbios_family_arm_m3_Timer_Module__state__V)
                  200158f8    0000000a     empty.obj (.data:setTime)
                  20015902    00000002     empty.obj (.data:readAddress)
                  20015904    00000009     drivers_cc32xx.aem4 : GPIOCC32XX.oem4 (.data)
                  2001590d    00000001                         : I2C.oem4 (.data)
                  2001590e    00000002     release_pem4.oem4 (.data:ti_sysbios_family_arm_m3_Hwi_Module_State_0_excActive__A)
                  20015910    00000008     rtsv7M4_T_le_eabi.lib : _lock.c.obj (.data:$O1$$)
                  20015918    00000008     release_pem4.oem4 (.data:ti_sysbios_family_arm_m3_Hwi_Module__root__V)
                  20015920    00000008     release_pem4.oem4 (.data:ti_sysbios_gates_GateHwi_Module__root__V)
                  20015928    00000008     release_pem4.oem4 (.data:ti_sysbios_gates_GateMutex_Module__root__V)
                  20015930    00000008     release_pem4.oem4 (.data:ti_sysbios_heaps_HeapMem_Module__root__V)
                  20015938    00000008     release_pem4.oem4 (.data:ti_sysbios_knl_Clock_Module__root__V)
                  20015940    00000008     release_pem4.oem4 (.data:ti_sysbios_knl_Queue_Module__root__V)
                  20015948    00000008     release_pem4.oem4 (.data:ti_sysbios_knl_Semaphore_Module__root__V)
                  20015950    00000008     release_pem4.oem4 (.data:ti_sysbios_knl_Task_Module__root__V)
                  20015958    00000008     release_pem4.oem4 (.data:xdc_runtime_Startup_Module__state__V)
                  20015960    00000008     release_pem4.oem4 (.data:xdc_runtime_System_Module_State_0_atexitHandlers__A)
                  20015968    00000008     release_pem4.oem4 (.data:xdc_runtime_System_Module__state__V)
                  20015970    00000004     rtsv7M4_T_le_eabi.lib : stkdepth_vars.c.obj (.data)
                  20015974    00000004     release_pem4.oem4 (.data:ti_sysbios_family_arm_m3_Hwi_Module_State_0_excContext__A)
                  20015978    00000004     release_pem4.oem4 (.data:ti_sysbios_family_arm_m3_Hwi_Module_State_0_excStack__A)
                  2001597c    00000004     release_pem4.oem4 (.data:ti_sysbios_gates_GateHwi_Object__table__V)
                  20015980    00000004     release_pem4.oem4 (.data:ti_sysbios_knl_Task_Module_State_0_idleTask__A)
                  20015984    00000004     release_pem4.oem4 (.data:ti_sysbios_rts_ti_ReentSupport_Module__state__V)
                  20015988    00000004     release_pem4.oem4 (.data:xdc_runtime_Memory_Module__state__V)
                  2001598c    00000001     drivers_cc32xx.aem4 : UART.oem4 (.data)

.const     0    20015990    00000865     
                  20015990    00000101     rtsv7M4_T_le_eabi.lib : ctype.c.obj (.const:.string:_ctypes_)
                  20015a91    00000002     ti_drivers_config.obj (.const)
                  20015a93    00000001     release_pem4.oem4 (.const:ti_sysbios_knl_Clock_tickMode__C)
                  20015a94    00000100     driverlib.a : pin.obj (.const:g_ulPinToPadMap)
                  20015b94    000000a8                 : prcm.obj (.const:PRCM_PeriphRegsList)
                  20015c3c    00000040     ti_drivers_config.obj (.const:PowerCC32XX_config)
                  20015c7c    0000003c     release_pem4.oem4 (.const:ti_sysbios_knl_Task_Object__PARAMS__C)
                  20015cb8    00000030     release_pem4.oem4 (.const:ti_sysbios_family_arm_m3_Hwi_Object__PARAMS__C)
                  20015ce8    00000028     drivers_cc32xx.aem4 : UARTCC32XX.oem4 (.const:UARTCC32XX_fxnTable)
                  20015d10    00000028     release_pem4.oem4 (.const:ti_sysbios_heaps_HeapMem_Module__FXNS__C)
                  20015d38    00000024     release_pem4.oem4 (.const:ti_sysbios_gates_GateHwi_Module__FXNS__C)
                  20015d5c    00000024     release_pem4.oem4 (.const:ti_sysbios_gates_GateMutex_Module__FXNS__C)
                  20015d80    00000024     release_pem4.oem4 (.const:ti_sysbios_heaps_HeapMem_Object__PARAMS__C)
                  20015da4    00000024     release_pem4.oem4 (.const:ti_sysbios_knl_Clock_Object__PARAMS__C)
                  20015dc8    00000024     release_pem4.oem4 (.const:ti_sysbios_knl_Semaphore_Object__PARAMS__C)
                  20015dec    00000024     ti_drivers_config.obj (.const:uartCC32XXHWAttrs0)
                  20015e10    00000024     ti_drivers_config.obj (.const:uartCC32XXHWAttrs1)
                  20015e34    00000021     drivers_cc32xx.aem4 : GPIOCC32XX.oem4 (.const:.string:pinTable)
                  20015e55    00000001     release_pem4.oem4 (.const:ti_sysbios_knl_Clock_tickSource__C)
                  20015e56    00000002     release_pem4.oem4 (.const:ti_sysbios_family_arm_m3_Hwi_Module__id__C)
                  20015e58    00000020     drivers_cc32xx.aem4 : UARTCC32XX.oem4 (.const:staticFxnTable)
                  20015e78    00000020     release_pem4.oem4 (.const:ti_sysbios_family_arm_m3_Hwi_Object__DESC__C)
                  20015e98    00000020     release_pem4.oem4 (.const:ti_sysbios_gates_GateHwi_Object__DESC__C)
                  20015eb8    00000020     release_pem4.oem4 (.const:ti_sysbios_gates_GateMutex_Object__DESC__C)
                  20015ed8    00000020     release_pem4.oem4 (.const:ti_sysbios_heaps_HeapMem_Object__DESC__C)
                  20015ef8    00000020     release_pem4.oem4 (.const:ti_sysbios_knl_Clock_Object__DESC__C)
                  20015f18    00000020     release_pem4.oem4 (.const:ti_sysbios_knl_Queue_Object__DESC__C)
                  20015f38    00000020     release_pem4.oem4 (.const:ti_sysbios_knl_Semaphore_Object__DESC__C)
                  20015f58    00000020     release_pem4.oem4 (.const:ti_sysbios_knl_Task_Object__DESC__C)
                  20015f78    00000020     release_pem4.oem4 (.const:xdc_runtime_Startup_sfxnTab__A)
                  20015f98    00000018     drivers_cc32xx.aem4 : I2CCC32XX.oem4 (.const:I2CCC32XX_fxnTable)
                  20015fb0    00000018     ti_drivers_config.obj (.const:UART_config)
                  20015fc8    00000018     release_pem4.oem4 (.const:ti_sysbios_gates_GateHwi_Object__PARAMS__C)
                  20015fe0    00000018     release_pem4.oem4 (.const:ti_sysbios_gates_GateMutex_Object__PARAMS__C)
                  20015ff8    00000018     release_pem4.oem4 (.const:ti_sysbios_knl_Queue_Object__PARAMS__C)
                  20016010    00000018     release_pem4.oem4 (.const:ti_sysbios_knl_Task_hooks__A)
                  20016028    00000014     ti_drivers_config.obj (.const:GPIOCC32XX_config)
                  2001603c    00000014     drivers_cc32xx.aem4 : GPIOCC32XX.oem4 (.const:gpioBaseAddresses)
                  20016050    00000014                         : UARTCC32XX.oem4 (.const:parityType)
                  20016064    00000014                         : GPIOCC32XX.oem4 (.const:powerResources)
                  20016078    00000010                         : I2C.oem4 (.const:I2C_defaultParams)
                  20016088    00000010                         : UARTCC32XX.oem4 (.const:dataLength)
                  20016098    00000010     ti_drivers_config.obj (.const:i2cCC32XXHWAttrs)
                  200160a8    00000010     release_pem4.oem4 (.const:xdc_runtime_Startup_sfxnRts__A)
                  200160b8    0000000c     ti_drivers_config.obj (.const:I2C_config)
                  200160c4    0000000c     release_pem4.oem4 (.const:xdc_runtime_Startup_firstFxns__A)
                  200160d0    00000008     drivers_cc32xx.aem4 : I2CCC32XX.oem4 (.const:bitRate)
                  200160d8    00000008                         : GPIOCC32XX.oem4 (.const:outPinTypes)
                  200160e0    00000008                         : UARTCC32XX.oem4 (.const:stopBits)
                  200160e8    00000008     release_pem4.oem4 (.const:ti_sysbios_knl_Idle_funcList__A)
                  200160f0    00000008     release_pem4.oem4 (.const:ti_sysbios_knl_Idle_funcList__C)
                  200160f8    00000008     release_pem4.oem4 (.const:ti_sysbios_knl_Task_hooks__C)
                  20016100    00000008     release_pem4.oem4 (.const:xdc_runtime_Startup_firstFxns__C)
                  20016108    00000008     release_pem4.oem4 (.const:xdc_runtime_Startup_lastFxns__C)
                  20016110    00000006     drivers_cc32xx.aem4 : GPIOCC32XX.oem4 (.const:.string:interruptType)
                  20016116    00000006                         : GPIOCC32XX.oem4 (.const:inPinTypes)
                  2001611c    00000006                         : GPIOCC32XX.oem4 (.const:outPinStrengths)
                  20016122    00000004                         : GPIOCC32XX.oem4 (.const:.string:portInterruptIds)
                  20016126    00000002     release_pem4.oem4 (.const:ti_sysbios_family_arm_m3_Timer_Module__id__C)
                  20016128    00000004     release_pem4.oem4 (.const:ti_sysbios_family_arm_m3_Hwi_E_alreadyDefined__C)
                  2001612c    00000004     release_pem4.oem4 (.const:ti_sysbios_family_arm_m3_Hwi_E_badIntNum__C)
                  20016130    00000004     release_pem4.oem4 (.const:ti_sysbios_family_arm_m3_Hwi_NUM_INTERRUPTS__C)
                  20016134    00000004     release_pem4.oem4 (.const:ti_sysbios_family_arm_m3_Hwi_Object__count__C)
                  20016138    00000004     release_pem4.oem4 (.const:ti_sysbios_family_arm_m3_Hwi_ccr__C)
                  2001613c    00000004     release_pem4.oem4 (.const:ti_sysbios_family_arm_m3_Hwi_excHandlerFunc__C)
                  20016140    00000004     release_pem4.oem4 (.const:ti_sysbios_family_arm_m3_Hwi_nullIsrFunc__C)
                  20016144    00000004     release_pem4.oem4 (.const:ti_sysbios_family_arm_m3_Hwi_priGroup__C)
                  20016148    00000004     release_pem4.oem4 (.const:ti_sysbios_family_arm_m3_Hwi_swiDisable__C)
                  2001614c    00000004     release_pem4.oem4 (.const:ti_sysbios_family_arm_m3_Hwi_swiRestore__C)
                  20016150    00000004     release_pem4.oem4 (.const:ti_sysbios_family_arm_m3_TaskSupport_stackAlignment__C)
                  20016154    00000004     release_pem4.oem4 (.const:ti_sysbios_family_arm_m3_Timer_E_cannotSupport__C)
                  20016158    00000004     release_pem4.oem4 (.const:ti_sysbios_family_arm_m3_Timer_startupNeeded__C)
                  2001615c    00000004     release_pem4.oem4 (.const:ti_sysbios_gates_GateMutex_Instance_State_sem__O)
                  20016160    00000004     release_pem4.oem4 (.const:ti_sysbios_heaps_HeapMem_E_memory__C)
                  20016164    00000004     release_pem4.oem4 (.const:ti_sysbios_heaps_HeapMem_Module__gateObj__C)
                  20016168    00000004     release_pem4.oem4 (.const:ti_sysbios_heaps_HeapMem_Object__count__C)
                  2001616c    00000004     release_pem4.oem4 (.const:ti_sysbios_heaps_HeapMem_primaryHeapBaseAddr__C)
                  20016170    00000004     release_pem4.oem4 (.const:ti_sysbios_heaps_HeapMem_primaryHeapEndAddr__C)
                  20016174    00000004     release_pem4.oem4 (.const:ti_sysbios_heaps_HeapMem_reqAlign__C)
                  20016178    00000004     release_pem4.oem4 (.const:ti_sysbios_knl_Clock_Module_State_clockQ__O)
                  2001617c    00000004     release_pem4.oem4 (.const:ti_sysbios_knl_Clock_tickPeriod__C)
                  20016180    00000004     release_pem4.oem4 (.const:ti_sysbios_knl_Mailbox_Instance_State_freeQue__O)
                  20016184    00000004     release_pem4.oem4 (.const:ti_sysbios_knl_Mailbox_Object__count__C)
                  20016188    00000004     release_pem4.oem4 (.const:ti_sysbios_knl_Mailbox_maxTypeAlign__C)
                  2001618c    00000004     release_pem4.oem4 (.const:ti_sysbios_knl_Semaphore_Instance_State_pendQ__O)
                  20016190    00000004     release_pem4.oem4 (.const:ti_sysbios_knl_Swi_Object__count__C)
                  20016194    00000004     release_pem4.oem4 (.const:ti_sysbios_knl_Task_Module_State_inactiveQ__O)
                  20016198    00000004     release_pem4.oem4 (.const:ti_sysbios_knl_Task_Object__count__C)
                  2001619c    00000004     release_pem4.oem4 (.const:ti_sysbios_knl_Task_Object__heap__C)
                  200161a0    00000004     release_pem4.oem4 (.const:ti_sysbios_knl_Task_allBlockedFunc__C)
                  200161a4    00000004     release_pem4.oem4 (.const:ti_sysbios_knl_Task_defaultStackHeap__C)
                  200161a8    00000004     release_pem4.oem4 (.const:ti_sysbios_knl_Task_defaultStackSize__C)
                  200161ac    00000004     release_pem4.oem4 (.const:ti_sysbios_knl_Task_numConstructedTasks__C)
                  200161b0    00000004     release_pem4.oem4 (.const:xdc_runtime_Error_E_memory__C)
                  200161b4    00000004     release_pem4.oem4 (.const:xdc_runtime_Error_policyFxn__C)
                  200161b8    00000004     release_pem4.oem4 (.const:xdc_runtime_IGateProvider_Interface__BASE__C)
                  200161bc    00000004     release_pem4.oem4 (.const:xdc_runtime_IHeap_Interface__BASE__C)
                  200161c0    00000004     release_pem4.oem4 (.const:xdc_runtime_IModule_Interface__BASE__C)
                  200161c4    00000004     release_pem4.oem4 (.const:xdc_runtime_Memory_defaultHeapInstance__C)
                  200161c8    00000004     release_pem4.oem4 (.const:xdc_runtime_Startup_execImpl__C)
                  200161cc    00000004     release_pem4.oem4 (.const:xdc_runtime_Startup_maxPasses__C)
                  200161d0    00000004     release_pem4.oem4 (.const:xdc_runtime_Startup_sfxnRts__C)
                  200161d4    00000004     release_pem4.oem4 (.const:xdc_runtime_Startup_sfxnTab__C)
                  200161d8    00000004     release_pem4.oem4 (.const:xdc_runtime_SysCallback_abortFxn__C)
                  200161dc    00000004     release_pem4.oem4 (.const:xdc_runtime_SysCallback_exitFxn__C)
                  200161e0    00000004     release_pem4.oem4 (.const:xdc_runtime_System_Module__gateObj__C)
                  200161e4    00000004     release_pem4.oem4 (.const:xdc_runtime_System_abortFxn__C)
                  200161e8    00000004     release_pem4.oem4 (.const:xdc_runtime_System_exitFxn__C)
                  200161ec    00000004     release_pem4.oem4 (.const:xdc_runtime_System_maxAtexitHandlers__C)
                  200161f0    00000002     release_pem4.oem4 (.const:ti_sysbios_heaps_HeapMem_Module__id__C)
                  200161f2    00000002     release_pem4.oem4 (.const:xdc_runtime_Memory_Module__id__C)
                  200161f4    00000001     release_pem4.oem4 (.const:xdc_runtime_Error_policy__C)

.cinit     0    200161f8    000002c0     
                  200161f8    0000029a     (.cinit..data.load) [load image, compression = lzss]
                  20016492    00000002     --HOLE-- [fill = 0]
                  20016494    0000000c     (__TI_handler_table)
                  200164a0    00000008     (.cinit..bss.load) [load image, compression = zero_init]
                  200164a8    00000010     (__TI_cinit_table)

.init_array 
*          0    20004000    00000000     UNINITIALIZED

.priheap   0    2000c688    00008000     UNINITIALIZED
                  2000c688    00008000     --HOLE--

.bootVecs 
*          0    00000000    00000008     DSECT
                  00000000    00000008     boot.aem4 : boot.oem4 (.bootVecs)

.resetVecs 
*          0    20004000    0000003c     
                  20004000    0000003c     release_pem4.oem4 (.resetVecs)

xdc.meta   0    00000000    00000109     COPY SECTION
                  00000000    00000109     release_pem4.oem4 (xdc.meta)

xdc.noload 
*          0    00000000    00000000     COPY SECTION

MODULE SUMMARY

       Module                       code    ro data   rw data
       ------                       ----    -------   -------
    .\
       lcd.obj                      628     0         1      
       empty.obj                    372     0         105    
       main_tirtos.obj              100     0         0      
    +--+----------------------------+-------+---------+---------+
       Total:                       1100    0         106    
                                                             
    .\syscfg\
       ti_drivers_config.obj        18      210       712    
    +--+----------------------------+-------+---------+---------+
       Total:                       18      210       712    
                                                             
    C:\Users\csant\Workspace2\tirtos_builds_CC3220S_LAUNCHXL_release_ccs_3_30_01_02\Debug\configPkg\package\cfg\
       release_pem4.oem4            1628    1051      3022   
    +--+----------------------------+-------+---------+---------+
       Total:                       1628    1051      3022   
                                                             
    C:/ti/simplelink_cc32xx_sdk_3_30_01_02/kernel/tirtos/packages/ti/dpl/lib/dpl_cc32xx.aem4
       PowerCC32XX_tirtos.oem4      430     0         0      
       SemaphoreP_tirtos.oem4       146     0         0      
       ClockP_tirtos.oem4           118     0         4      
       HwiP_tirtos.oem4             108     0         0      
    +--+----------------------------+-------+---------+---------+
       Total:                       802     0         4      
                                                             
    C:/ti/simplelink_cc32xx_sdk_3_30_01_02/source/ti/devices/cc32xx/driverlib/ccs/Release/driverlib.a
       prcm.obj                     1656    168       0      
       pin.obj                      280     256       0      
       flash.obj                    72      0         0      
       uart.obj                     48      0         0      
       utils.obj                    6       0         0      
    +--+----------------------------+-------+---------+---------+
       Total:                       2062    424       0      
                                                             
    C:/ti/simplelink_cc32xx_sdk_3_30_01_02/source/ti/drivers/lib/drivers_cc32xx.aem4
       UARTCC32XX.oem4              3450    116       0      
       PowerCC32XX.oem4             2372    0         664    
       I2CCC32XX.oem4               1986    32        0      
       GPIOCC32XX.oem4              1192    103       65     
       RingBuf.oem4                 198     0         0      
       I2C.oem4                     172     16        1      
       PowerCC32XX_asm.oem4         150     0         0      
       List.oem4                    76      0         0      
       UART.oem4                    68      0         1      
    +--+----------------------------+-------+---------+---------+
       Total:                       9664    267       731    
                                                             
    C:\Users\csant\Workspace2\tirtos_builds_CC3220S_LAUNCHXL_release_ccs_3_30_01_02\src\sysbios\sysbios.aem4
       BIOS.obj                     8332    0         136    
       m3_Hwi_asm.obj               270     0         0      
       m3_TaskSupport_asm.obj       108     0         0      
       m3_Hwi_asm_switch.obj        102     0         0      
    +--+----------------------------+-------+---------+---------+
       Total:                       8812    0         136    
                                                             
    C:\ti\ccs910\ccs\tools\compiler\ti-cgt-arm_18.12.3.LTS\lib\rtsv7M4_T_le_eabi.lib
       _printfi.c.obj               4835    0         0      
       fd_add_t2.asm.obj            438     0         0      
       defs.c.obj                   0       0         416    
       trgmsg.c.obj                 108     0         288    
       fd_div_t2.asm.obj            310     0         0      
       fputs.c.obj                  276     0         0      
       fd_cmp_t2.asm.obj            268     0         0      
       ctype.c.obj                  0       257       0      
       fd_mul_t2.asm.obj            252     0         0      
       setvbuf.c.obj                220     0         0      
       s_scalbn.c.obj               208     0         0      
       host_device.c.obj            0       0         200    
       memcpy_t2.asm.obj            156     0         0      
       ull_div_t2.asm.obj           150     0         0      
       fputc.c.obj                  140     0         0      
       memset_t2.asm.obj            122     0         0      
       fclose.c.obj                 116     0         0      
       getdevice.c.obj              116     0         0      
       printf.c.obj                 112     0         0      
       hostrename.c.obj             108     0         0      
       copy_decompress_lzss.c.obj   104     0         0      
       hostlseek.c.obj              104     0         0      
       hostopen.c.obj               96      0         8      
       fseek.c.obj                  100     0         0      
       _io_perm.c.obj               98      0         0      
       close.c.obj                  92      0         0      
       s_frexp.c.obj                92      0         0      
       hostread.c.obj               88      0         0      
       hostwrite.c.obj              88      0         0      
       ltoa.c.obj                   84      0         0      
       atoi.c.obj                   76      0         0      
       cpy_tbl.c.obj                76      0         0      
       fflush.c.obj                 76      0         0      
       fd_toi_t2.asm.obj            72      0         0      
       hostclose.c.obj              68      0         0      
       hostunlink.c.obj             68      0         0      
       strncpy.c.obj                54      0         0      
       fopen.c.obj                  52      0         0      
       i_tofd_t2.asm.obj            46      0         0      
       unlink.c.obj                 44      0         0      
       lseek.c.obj                  40      0         0      
       _lock.c.obj                  26      0         8      
       memchr.c.obj                 32      0         0      
       memccpy.c.obj                28      0         0      
       args_main.c.obj              24      0         0      
       ll_mul_t2.asm.obj            24      0         0      
       strcmp.c.obj                 24      0         0      
       strchr.c.obj                 22      0         0      
       strcpy.c.obj                 20      0         0      
       strlen.c.obj                 20      0         0      
       wcslen.c.obj                 18      0         0      
       copy_decompress_none.c.obj   14      0         0      
       copy_zero_init.c.obj         12      0         0      
       exit.c.obj                   0       0         12     
       s_copysign.c.obj             12      0         0      
       stkdepth_vars.c.obj          0       0         4      
       div0.asm.obj                 2       0         0      
    +--+----------------------------+-------+---------+---------+
       Total:                       9831    257       936    
                                                             
    C:\ti\simplelink_cc32xx_sdk_3_30_01_02\kernel\tirtos\packages\ti\targets\arm\rtsarm\lib\auto_init.aem4
       auto_init.oem4               160     0         0      
    +--+----------------------------+-------+---------+---------+
       Total:                       160     0         0      
                                                             
    C:\ti\simplelink_cc32xx_sdk_3_30_01_02\kernel\tirtos\packages\ti\targets\arm\rtsarm\lib\boot.aem4
       boot.oem4                    68      0         0      
    +--+----------------------------+-------+---------+---------+
       Total:                       68      0         0      
                                                             
       Stack:                       0       0         1024   
       Linker Generated:            0       702       0      
    +--+----------------------------+-------+---------+---------+
       Grand Total:                 34145   2911      6671   


LINKER GENERATED COPY TABLES

__TI_cinit_table @ 200164a8 records: 2, size/record: 8, table size: 16
	.data: load addr=200161f8, load size=0000029a bytes, run addr=20015090, run size=000008fd bytes, compression=lzss
	.bss: load addr=200164a0, load size=00000008 bytes, run addr=20014688, run size=00000a06 bytes, compression=zero_init


LINKER GENERATED HANDLER TABLE

__TI_handler_table @ 20016494 records: 3, size/record: 4, table size: 12
	index: 0, handler: __TI_zero_init
	index: 1, handler: __TI_decompress_lzss
	index: 2, handler: __TI_decompress_none


GLOBAL SYMBOLS: SORTED ALPHABETICALLY BY Name 

address   name                                                            
[...]
2000c399  ti_sysbios_knl_Task_Object__get__S                              
2000c3a9  ti_sysbios_knl_Task_disable__E                                  
2000c3b9  xdc_runtime_Memory_free__E                                      
2000c3c9  xdc_runtime_SysCallback_abort__E                                
2000c3c9  xdc_runtime_System_SupportProxy_abort__E                        
2000c3d9  xdc_runtime_SysCallback_exit__E                                 
2000c3d9  xdc_runtime_System_SupportProxy_exit__E                         
2000c3e9  RingBuf_isFull                                                  
2000c3f7  __TI_decompress_none                                            
2000c409  pthread_attr_setdetachstate                                     
2000c419  ti_sysbios_knl_Idle_loop__E                                     
2000c429  ti_sysbios_knl_Queue_empty__E                                   
2000c437  ClockP_delete                                                   
2000c443  HwiP_delete                                                     
2000c451  Power_getConstraintMask                                         
2000c45d  SemaphoreP_delete                                               
2000c469  _register_lock                                                  
2000c475  _register_unlock                                                
2000c481  copysign                                                        
2000c481  copysignl                                                       
2000c48d  __TI_zero_init                                                  
2000c4b1  ti_sysbios_family_arm_m3_Hwi_Params__init__S                    
2000c4b1  ti_sysbios_hal_Hwi_HwiProxy_Params__init__S                     
2000c4c1  ti_sysbios_family_arm_m3_Hwi_disableFxn__E                      
2000c4c1  ti_sysbios_hal_Hwi_HwiProxy_disable__E                          
2000c4d1  ti_sysbios_family_arm_m3_TaskSupport_getStackAlignment__E       
2000c4d1  ti_sysbios_knl_Task_SupportProxy_getStackAlignment__E           
2000c4e1  ti_sysbios_gates_GateHwi_enter__E                               
2000c4ed  ti_sysbios_knl_Clock_Params__init__S                            
2000c4f9  ClockP_getSystemTicks                                           
2000c4f9  ti_sysbios_knl_Clock_getTicks__E                                
2000c509  ti_sysbios_knl_Clock_setTicks__E                                
2000c519  ti_sysbios_knl_Clock_tickStart__E                               
2000c529  ti_sysbios_knl_Clock_tickStop__E                                
2000c535  ti_sysbios_knl_Queue_Object__get__S                             
2000c541  ti_sysbios_knl_Semaphore_Params__init__S                        
2000c54d  ti_sysbios_knl_Task_Params__init__S                             
2000c559  ti_sysbios_knl_Task_self__E                                     
2000c569  ti_sysbios_rts_ti_ReentSupport_taskRegHook__I                   
2000c579  xdc_runtime_Startup_rtsDone__E                                  
2000c585  ClockP_Params_init                                              
2000c58f  xdc_runtime_Memory_HeapProxy_alloc__E                           
2000c599  xdc_runtime_Memory_HeapProxy_free__E                            
2000c5ab  SemaphoreP_Params_init                                          
2000c5b3  UtilsDelay                                                      
2000c5b9  pthread_attr_setstacksize                                       
2000c5c9  ti_sysbios_family_arm_m3_Hwi_doSwiRestore__I                    
2000c5d1  ti_sysbios_family_arm_m3_Hwi_startup__E                         
2000c5d1  ti_sysbios_hal_Hwi_HwiProxy_startup__E                          
2000c5d1  ti_sysbios_hal_Hwi_startup__E                                   
2000c5e1  ti_sysbios_family_arm_m3_Hwi_doTaskRestore__I                   
2000c5e9  HwiP_restore                                                    
2000c5e9  ti_sysbios_family_arm_m3_Hwi_restoreFxn__E                      
2000c5e9  ti_sysbios_hal_Hwi_HwiProxy_restore__E                          
2000c5f1  ti_sysbios_gates_GateHwi_leave__E                               
2000c5f9  ti_sysbios_heaps_HeapMem_isBlocking__E                          
2000c601  ti_sysbios_knl_Clock_stop__E                                    
2000c609  ti_sysbios_knl_Queue_Instance_init__E                           
2000c611  ti_sysbios_knl_Swi_startup__E                                   
2000c619  xdc_runtime_System_Module_startup__E                            
2000c621  __aeabi_errno_addr                                              
2000c629  ti_sysbios_family_arm_m3_Timer_getMaxTicks__E                   
2000c631  ti_sysbios_gates_GateHwi_query__E                               
2000c631  xdc_runtime_Main_Module_GateProxy_query__E                      
2000c631  xdc_runtime_System_Module_GateProxy_query__E                    
2000c639  ti_sysbios_BIOS_RtsGateProxy_query__E                           
2000c639  ti_sysbios_gates_GateMutex_query__E                             
2000c639  ti_sysbios_heaps_HeapMem_Module_GateProxy_query__E              
2000c641  ti_sysbios_knl_Clock_setTimeout__E                              
2000c649  ti_sysbios_knl_Task_startup__E                                  
2000c651  ti_sysbios_BIOS_linkedWithIncorrectBootLibrary__E               
2000c659  ti_sysbios_gates_GateHwi_Instance_init__E                       
2000c661  ti_sysbios_knl_Clock_logTick__E                                 
2000c669  xdc_runtime_SysCallback_defaultAbort                            
2000c671  xdc_runtime_SysCallback_defaultExit                             
2000c679  xdc_runtime_System_abortSpin__E                                 
2000c681  xdc_runtime_System_exitSpin__E                                  
2000c688  __primary_heap_start__                                          
20014688  __primary_heap_end__                                            
20014688  ti_sysbios_family_arm_m3_Hwi_dispatchTable                      
20014998  ti_sysbios_knl_Task_Instance_State_0_stack__A                   
20014b98  PowerCC32XX_contextSave                                         
20014cc4  __CIOBUF_                                                       
20014de4  __TI_tmpnams                                                    
20014e84  uartCC32XXObjects0                                              
20014f08  uartCC32XXObjects1                                              
20014f8c  i2cCC32XXObjects                                                
20015058  i2cparams                                                       
20015068  getTime                                                         
20015074  parmbuf                                                         
2001507c  ClockP_tickPeriod                                               
20015080  i2c                                                             
20015084  ti_sysbios_knl_Task_Instance_State_0_hookEnv__A                 
20015088  D4                                                              
20015089  D5                                                              
2001508a  D6                                                              
2001508b  D7                                                              
2001508c  E                                                               
2001508d  RS                                                              
20015090  PowerCC32XX_module                                              
200151fc  parkInfo                                                        
200152f4  _ftable                                                         
2001546c  ti_sysbios_knl_Swi_Module_State_0_readyQ__A                     
200154ec  ti_sysbios_knl_Task_Module_State_0_readyQ__A                    
2001556c  _device                                                         
200155e4  ti_sysbios_gates_GateMutex_Object__table__V                     
20015638  _stream                                                         
20015688  ti_sysbios_knl_Task_Object__table__V                            
200156d4  ti_sysbios_knl_Task_Module__state__V                            
20015718  ti_sysbios_family_arm_m3_Hwi_Module__state__V                   
2001574c  ti_sysbios_family_arm_m3_Timer_Object__table__V                 
2001577c  ti_sysbios_knl_Swi_Object__table__V                             
200157ac  ti_sysbios_knl_Clock_Module__state__V                           
200157d8  ti_sysbios_BIOS_Module__state__V                                
200157fc  xdc_runtime_Error_IgnoreBlock                                   
2001581c  i2cRead                                                         
20015838  i2cTransaction                                                  
20015854  ti_sysbios_knl_Swi_Module__state__V                             
20015870  gpioCallbackFunctions                                           
20015888  gpioPinConfigs                                                  
200158a0  ti_sysbios_family_arm_m3_Hwi_Object__table__V                   
200158b8  ti_sysbios_heaps_HeapMem_Object__table__V                       
200158d0  __TI_ft_end                                                     
200158d4  __aeabi_stdin                                                   
200158d8  __aeabi_stdout                                                  
200158dc  __aeabi_stderr                                                  
200158e0  __TI_cleanup_ptr                                                
200158e4  __TI_dtors_ptr                                                  
200158e8  __TI_enable_exit_profile_output                                 
200158ec  ti_sysbios_family_arm_m3_Timer_Module__state__V                 
200158f8  setTime                                                         
20015902  readAddress                                                     
2001590e  ti_sysbios_family_arm_m3_Hwi_Module_State_0_excActive__A        
20015910  _lock                                                           
20015914  _unlock                                                         
20015918  ti_sysbios_family_arm_m3_Hwi_Module__root__V                    
20015920  ti_sysbios_gates_GateHwi_Module__root__V                        
20015928  ti_sysbios_gates_GateMutex_Module__root__V                      
20015930  ti_sysbios_heaps_HeapMem_Module__root__V                        
20015938  ti_sysbios_knl_Clock_Module__root__V                            
20015940  ti_sysbios_knl_Queue_Module__root__V                            
20015948  ti_sysbios_knl_Semaphore_Module__root__V                        
20015950  ti_sysbios_knl_Task_Module__root__V                             
20015958  xdc_runtime_Startup_Module__state__V                            
20015960  xdc_runtime_System_Module_State_0_atexitHandlers__A             
20015968  xdc_runtime_System_Module__state__V                             
20015970  main_func_sp                                                    
20015974  ti_sysbios_family_arm_m3_Hwi_Module_State_0_excContext__A       
20015978  ti_sysbios_family_arm_m3_Hwi_Module_State_0_excStack__A         
2001597c  ti_sysbios_gates_GateHwi_Object__table__V                       
20015980  ti_sysbios_knl_Task_Module_State_0_idleTask__A                  
20015984  ti_sysbios_rts_ti_ReentSupport_Module__state__V                 
20015988  xdc_runtime_Memory_Module__state__V                             
20015990  _ctypes_                                                        
20015a91  I2C_count                                                       
20015a92  UART_count                                                      
20015a93  ti_sysbios_knl_Clock_tickMode__C                                
20015c3c  PowerCC32XX_config                                              
20015c7c  ti_sysbios_knl_Task_Object__PARAMS__C                           
20015cb8  ti_sysbios_family_arm_m3_Hwi_Object__PARAMS__C                  
20015ce8  UARTCC32XX_fxnTable                                             
20015d10  ti_sysbios_heaps_HeapMem_Module__FXNS__C                        
20015d38  ti_sysbios_gates_GateHwi_Module__FXNS__C                        
20015d5c  ti_sysbios_gates_GateMutex_Module__FXNS__C                      
20015d80  ti_sysbios_heaps_HeapMem_Object__PARAMS__C                      
20015da4  ti_sysbios_knl_Clock_Object__PARAMS__C                          
20015dc8  ti_sysbios_knl_Semaphore_Object__PARAMS__C                      
20015e55  ti_sysbios_knl_Clock_tickSource__C                              
20015e56  ti_sysbios_family_arm_m3_Hwi_Module__id__C                      
20015e78  ti_sysbios_family_arm_m3_Hwi_Object__DESC__C                    
20015e98  ti_sysbios_gates_GateHwi_Object__DESC__C                        
20015eb8  ti_sysbios_gates_GateMutex_Object__DESC__C                      
20015ed8  ti_sysbios_heaps_HeapMem_Object__DESC__C                        
20015ef8  ti_sysbios_knl_Clock_Object__DESC__C                            
20015f18  ti_sysbios_knl_Queue_Object__DESC__C                            
20015f38  ti_sysbios_knl_Semaphore_Object__DESC__C                        
20015f58  ti_sysbios_knl_Task_Object__DESC__C                             
20015f78  xdc_runtime_Startup_sfxnTab__A                                  
20015f98  I2CCC32XX_fxnTable                                              
20015fb0  UART_config                                                     
20015fc8  ti_sysbios_gates_GateHwi_Object__PARAMS__C                      
20015fe0  ti_sysbios_gates_GateMutex_Object__PARAMS__C                    
20015ff8  ti_sysbios_knl_Queue_Object__PARAMS__C                          
20016010  ti_sysbios_knl_Task_hooks__A                                    
20016028  GPIOCC32XX_config                                               
20016078  I2C_defaultParams                                               
20016098  i2cCC32XXHWAttrs                                                
200160a8  xdc_runtime_Startup_sfxnRts__A                                  
200160b8  I2C_config                                                      
200160c4  xdc_runtime_Startup_firstFxns__A                                
200160d8  outPinTypes                                                     
200160e8  ti_sysbios_knl_Idle_funcList__A                                 
200160f0  ti_sysbios_knl_Idle_funcList__C                                 
200160f8  ti_sysbios_knl_Task_hooks__C                                    
20016100  xdc_runtime_Startup_firstFxns__C                                
20016108  xdc_runtime_Startup_lastFxns__C                                 
20016116  inPinTypes                                                      
2001611c  outPinStrengths                                                 
20016126  ti_sysbios_family_arm_m3_Timer_Module__id__C                    
20016128  ti_sysbios_family_arm_m3_Hwi_E_alreadyDefined__C                
2001612c  ti_sysbios_family_arm_m3_Hwi_E_badIntNum__C                     
20016130  ti_sysbios_family_arm_m3_Hwi_NUM_INTERRUPTS__C                  
20016134  ti_sysbios_family_arm_m3_Hwi_Object__count__C                   
20016138  ti_sysbios_family_arm_m3_Hwi_ccr__C                             
2001613c  ti_sysbios_family_arm_m3_Hwi_excHandlerFunc__C                  
20016140  ti_sysbios_family_arm_m3_Hwi_nullIsrFunc__C                     
20016144  ti_sysbios_family_arm_m3_Hwi_priGroup__C                        
20016148  ti_sysbios_family_arm_m3_Hwi_swiDisable__C                      
2001614c  ti_sysbios_family_arm_m3_Hwi_swiRestore__C                      
20016150  ti_sysbios_family_arm_m3_TaskSupport_stackAlignment__C          
20016154  ti_sysbios_family_arm_m3_Timer_E_cannotSupport__C               
20016158  ti_sysbios_family_arm_m3_Timer_startupNeeded__C                 
2001615c  ti_sysbios_gates_GateMutex_Instance_State_sem__O                
20016160  ti_sysbios_heaps_HeapMem_E_memory__C                            
20016164  ti_sysbios_heaps_HeapMem_Module__gateObj__C                     
20016168  ti_sysbios_heaps_HeapMem_Object__count__C                       
2001616c  ti_sysbios_heaps_HeapMem_primaryHeapBaseAddr__C                 
20016170  ti_sysbios_heaps_HeapMem_primaryHeapEndAddr__C                  
20016174  ti_sysbios_heaps_HeapMem_reqAlign__C                            
20016178  ti_sysbios_knl_Clock_Module_State_clockQ__O                     
2001617c  ti_sysbios_knl_Clock_tickPeriod__C                              
20016180  ti_sysbios_knl_Mailbox_Instance_State_freeQue__O                
20016184  ti_sysbios_knl_Mailbox_Object__count__C                         
20016188  ti_sysbios_knl_Mailbox_maxTypeAlign__C                          
2001618c  ti_sysbios_knl_Semaphore_Instance_State_pendQ__O                
20016190  ti_sysbios_knl_Swi_Object__count__C                             
20016194  ti_sysbios_knl_Task_Module_State_inactiveQ__O                   
20016198  ti_sysbios_knl_Task_Object__count__C                            
2001619c  ti_sysbios_knl_Task_Object__heap__C                             
200161a0  ti_sysbios_knl_Task_allBlockedFunc__C                           
200161a4  ti_sysbios_knl_Task_defaultStackHeap__C                         
200161a8  ti_sysbios_knl_Task_defaultStackSize__C                         
200161ac  ti_sysbios_knl_Task_numConstructedTasks__C                      
200161b0  xdc_runtime_Error_E_memory__C                                   
200161b4  xdc_runtime_Error_policyFxn__C                                  
200161b8  xdc_runtime_IGateProvider_Interface__BASE__C                    
200161bc  xdc_runtime_IHeap_Interface__BASE__C                            
200161c0  xdc_runtime_IModule_Interface__BASE__C                          
200161c4  xdc_runtime_Memory_defaultHeapInstance__C                       
200161c8  xdc_runtime_Startup_execImpl__C                                 
200161cc  xdc_runtime_Startup_maxPasses__C                                
200161d0  xdc_runtime_Startup_sfxnRts__C                                  
200161d4  xdc_runtime_Startup_sfxnTab__C                                  
200161d8  xdc_runtime_SysCallback_abortFxn__C                             
200161dc  xdc_runtime_SysCallback_exitFxn__C                              
200161e0  xdc_runtime_System_Module__gateObj__C                           
200161e4  xdc_runtime_System_abortFxn__C                                  
200161e8  xdc_runtime_System_exitFxn__C                                   
200161ec  xdc_runtime_System_maxAtexitHandlers__C                         
200161f0  ti_sysbios_heaps_HeapMem_Module__id__C                          
200161f2  xdc_runtime_Memory_Module__id__C                                
200161f4  xdc_runtime_Error_policy__C                                     
200161f8  __TI_static_base__                                              
20016494  __TI_Handler_Table_Base                                         
200164a0  __TI_Handler_Table_Limit                                        
200164a8  __TI_CINIT_Base                                                 
200164b8  __TI_CINIT_Limit                                                
e000e000  ti_sysbios_family_arm_m3_Hwi_nvic                               
ffffffff  __TI_pprof_out_hndl                                             
ffffffff  __TI_prof_data_size                                             
ffffffff  __TI_prof_data_start                                            
ffffffff  __binit__                                                       
ffffffff  __c_args__                                                      
ffffffff  binit                                                           
UNDEFED   SHT$$INIT_ARRAY$$Base                                           
UNDEFED   SHT$$INIT_ARRAY$$Limit                                          

[643 symbols]
